Component: ARM Compiler 5.06 update 6 (build 750) Tool: armlink [4d35ed]

==============================================================================

Section Cross References

    startup_stm32f103xe.o(RESET) refers to startup_stm32f103xe.o(STACK) for __initial_sp
    startup_stm32f103xe.o(RESET) refers to startup_stm32f103xe.o(.text) for Reset_Handler
    startup_stm32f103xe.o(RESET) refers to stm32f1xx_it.o(i.NMI_Handler) for NMI_Handler
    startup_stm32f103xe.o(RESET) refers to stm32f1xx_it.o(i.HardFault_Handler) for HardFault_Handler
    startup_stm32f103xe.o(RESET) refers to stm32f1xx_it.o(i.MemManage_Handler) for MemManage_Handler
    startup_stm32f103xe.o(RESET) refers to stm32f1xx_it.o(i.BusFault_Handler) for BusFault_Handler
    startup_stm32f103xe.o(RESET) refers to stm32f1xx_it.o(i.UsageFault_Handler) for UsageFault_Handler
    startup_stm32f103xe.o(RESET) refers to stm32f1xx_it.o(i.SVC_Handler) for SVC_Handler
    startup_stm32f103xe.o(RESET) refers to stm32f1xx_it.o(i.DebugMon_Handler) for DebugMon_Handler
    startup_stm32f103xe.o(RESET) refers to stm32f1xx_it.o(i.PendSV_Handler) for PendSV_Handler
    startup_stm32f103xe.o(RESET) refers to stm32f1xx_it.o(i.SysTick_Handler) for SysTick_Handler
    startup_stm32f103xe.o(RESET) refers to stm32f1xx_it.o(i.EXTI1_IRQHandler) for EXTI1_IRQHandler
    startup_stm32f103xe.o(RESET) refers to stm32f1xx_it.o(i.EXTI2_IRQHandler) for EXTI2_IRQHandler
    startup_stm32f103xe.o(RESET) refers to stm32f1xx_it.o(i.EXTI4_IRQHandler) for EXTI4_IRQHandler
    startup_stm32f103xe.o(RESET) refers to stm32f1xx_it.o(i.TIM3_IRQHandler) for TIM3_IRQHandler
    startup_stm32f103xe.o(RESET) refers to stm32f1xx_it.o(i.USART1_IRQHandler) for USART1_IRQHandler
    startup_stm32f103xe.o(RESET) refers to stm32f1xx_it.o(i.USART2_IRQHandler) for USART2_IRQHandler
    startup_stm32f103xe.o(RESET) refers to stm32f1xx_it.o(i.USART3_IRQHandler) for USART3_IRQHandler
    startup_stm32f103xe.o(RESET) refers to stm32f1xx_it.o(i.EXTI15_10_IRQHandler) for EXTI15_10_IRQHandler
    startup_stm32f103xe.o(.text) refers to system_stm32f1xx.o(i.SystemInit) for SystemInit
    startup_stm32f103xe.o(.text) refers to entry.o(.ARM.Collect$$$$00000000) for __main
    main.o(i.SystemClock_Config) refers to memseta.o(.text) for __aeabi_memclr4
    main.o(i.SystemClock_Config) refers to stm32f1xx_hal_rcc.o(i.HAL_RCC_OscConfig) for HAL_RCC_OscConfig
    main.o(i.SystemClock_Config) refers to stm32f1xx_hal_rcc.o(i.HAL_RCC_ClockConfig) for HAL_RCC_ClockConfig
    main.o(i.SystemClock_Config) refers to stm32f1xx_hal_rcc_ex.o(i.HAL_RCCEx_PeriphCLKConfig) for HAL_RCCEx_PeriphCLKConfig
    main.o(i.main) refers to stm32f1xx_hal.o(i.HAL_Init) for HAL_Init
    main.o(i.main) refers to main.o(i.SystemClock_Config) for SystemClock_Config
    main.o(i.main) refers to gpio.o(i.MX_GPIO_Init) for MX_GPIO_Init
    main.o(i.main) refers to adc.o(i.MX_ADC1_Init) for MX_ADC1_Init
    main.o(i.main) refers to rtc.o(i.MX_RTC_Init) for MX_RTC_Init
    main.o(i.main) refers to usart.o(i.MX_USART1_UART_Init) for MX_USART1_UART_Init
    main.o(i.main) refers to usart.o(i.MX_USART2_UART_Init) for MX_USART2_UART_Init
    main.o(i.main) refers to tim.o(i.MX_TIM3_Init) for MX_TIM3_Init
    main.o(i.main) refers to usart.o(i.MX_USART3_UART_Init) for MX_USART3_UART_Init
    main.o(i.main) refers to board_test.o(i.BaordInit) for BaordInit
    main.o(i.main) refers to board_test.o(i.BoardTest) for BoardTest
    gpio.o(i.MX_GPIO_Init) refers to stm32f1xx_hal_gpio.o(i.HAL_GPIO_WritePin) for HAL_GPIO_WritePin
    gpio.o(i.MX_GPIO_Init) refers to stm32f1xx_hal_gpio.o(i.HAL_GPIO_Init) for HAL_GPIO_Init
    gpio.o(i.MX_GPIO_Init) refers to stm32f1xx_hal_cortex.o(i.HAL_NVIC_SetPriority) for HAL_NVIC_SetPriority
    gpio.o(i.MX_GPIO_Init) refers to stm32f1xx_hal_cortex.o(i.HAL_NVIC_EnableIRQ) for HAL_NVIC_EnableIRQ
    adc.o(i.HAL_ADC_MspDeInit) refers to stm32f1xx_hal_gpio.o(i.HAL_GPIO_DeInit) for HAL_GPIO_DeInit
    adc.o(i.HAL_ADC_MspInit) refers to stm32f1xx_hal_gpio.o(i.HAL_GPIO_Init) for HAL_GPIO_Init
    adc.o(i.MX_ADC1_Init) refers to stm32f1xx_hal_adc.o(i.HAL_ADC_Init) for HAL_ADC_Init
    adc.o(i.MX_ADC1_Init) refers to main.o(i.Error_Handler) for Error_Handler
    adc.o(i.MX_ADC1_Init) refers to stm32f1xx_hal_adc.o(i.HAL_ADC_ConfigChannel) for HAL_ADC_ConfigChannel
    adc.o(i.MX_ADC1_Init) refers to adc.o(.bss) for .bss
    rtc.o(i.HAL_RTC_MspInit) refers to stm32f1xx_hal_pwr.o(i.HAL_PWR_EnableBkUpAccess) for HAL_PWR_EnableBkUpAccess
    rtc.o(i.MX_RTC_Init) refers to stm32f1xx_hal_rtc.o(i.HAL_RTC_Init) for HAL_RTC_Init
    rtc.o(i.MX_RTC_Init) refers to main.o(i.Error_Handler) for Error_Handler
    rtc.o(i.MX_RTC_Init) refers to stm32f1xx_hal_rtc.o(i.HAL_RTC_SetTime) for HAL_RTC_SetTime
    rtc.o(i.MX_RTC_Init) refers to stm32f1xx_hal_rtc.o(i.HAL_RTC_SetDate) for HAL_RTC_SetDate
    rtc.o(i.MX_RTC_Init) refers to rtc.o(.bss) for .bss
[...]
    i.HAL_GPIO_Init                          0x080014a8   Section        0  stm32f1xx_hal_gpio.o(i.HAL_GPIO_Init)
    i.HAL_GPIO_ReadPin                       0x080016a0   Section        0  stm32f1xx_hal_gpio.o(i.HAL_GPIO_ReadPin)
    i.HAL_GPIO_WritePin                      0x080016aa   Section        0  stm32f1xx_hal_gpio.o(i.HAL_GPIO_WritePin)
    i.HAL_GetTick                            0x080016b4   Section        0  stm32f1xx_hal.o(i.HAL_GetTick)
    i.HAL_IncTick                            0x080016c0   Section        0  stm32f1xx_hal.o(i.HAL_IncTick)
    i.HAL_Init                               0x080016d0   Section        0  stm32f1xx_hal.o(i.HAL_Init)
    i.HAL_InitTick                           0x080016f4   Section        0  stm32f1xx_hal.o(i.HAL_InitTick)
    i.HAL_MspInit                            0x08001734   Section        0  stm32f1xx_hal_msp.o(i.HAL_MspInit)
    i.HAL_NVIC_EnableIRQ                     0x08001770   Section        0  stm32f1xx_hal_cortex.o(i.HAL_NVIC_EnableIRQ)
    i.HAL_NVIC_SetPriority                   0x0800178c   Section        0  stm32f1xx_hal_cortex.o(i.HAL_NVIC_SetPriority)
    i.HAL_NVIC_SetPriorityGrouping           0x080017cc   Section        0  stm32f1xx_hal_cortex.o(i.HAL_NVIC_SetPriorityGrouping)
    i.HAL_PWR_EnableBkUpAccess               0x080017f0   Section        0  stm32f1xx_hal_pwr.o(i.HAL_PWR_EnableBkUpAccess)
    i.HAL_RCCEx_GetPeriphCLKFreq             0x080017fc   Section        0  stm32f1xx_hal_rcc_ex.o(i.HAL_RCCEx_GetPeriphCLKFreq)
    i.HAL_RCCEx_PeriphCLKConfig              0x080018d0   Section        0  stm32f1xx_hal_rcc_ex.o(i.HAL_RCCEx_PeriphCLKConfig)
    i.HAL_RCC_ClockConfig                    0x080019bc   Section        0  stm32f1xx_hal_rcc.o(i.HAL_RCC_ClockConfig)
    i.HAL_RCC_GetPCLK1Freq                   0x08001ae8   Section        0  stm32f1xx_hal_rcc.o(i.HAL_RCC_GetPCLK1Freq)
    i.HAL_RCC_GetPCLK2Freq                   0x08001b08   Section        0  stm32f1xx_hal_rcc.o(i.HAL_RCC_GetPCLK2Freq)
    i.HAL_RCC_GetSysClockFreq                0x08001b28   Section        0  stm32f1xx_hal_rcc.o(i.HAL_RCC_GetSysClockFreq)
    i.HAL_RCC_OscConfig                      0x08001b94   Section        0  stm32f1xx_hal_rcc.o(i.HAL_RCC_OscConfig)
    i.HAL_RTC_GetDate                        0x08001eb4   Section        0  stm32f1xx_hal_rtc.o(i.HAL_RTC_GetDate)
    i.HAL_RTC_GetTime                        0x08001f02   Section        0  stm32f1xx_hal_rtc.o(i.HAL_RTC_GetTime)
    i.HAL_RTC_Init                           0x08001fdc   Section        0  stm32f1xx_hal_rtc.o(i.HAL_RTC_Init)
    i.HAL_RTC_MspInit                        0x0800207c   Section        0  rtc.o(i.HAL_RTC_MspInit)
    i.HAL_RTC_SetDate                        0x080020b0   Section        0  stm32f1xx_hal_rtc.o(i.HAL_RTC_SetDate)
    i.HAL_RTC_SetTime                        0x08002174   Section        0  stm32f1xx_hal_rtc.o(i.HAL_RTC_SetTime)
    i.HAL_RTC_WaitForSynchro                 0x08002220   Section        0  stm32f1xx_hal_rtc.o(i.HAL_RTC_WaitForSynchro)
    i.HAL_SYSTICK_Config                     0x0800225a   Section        0  stm32f1xx_hal_cortex.o(i.HAL_SYSTICK_Config)
    i.HAL_TIMEx_BreakCallback                0x08002282   Section        0  stm32f1xx_hal_tim_ex.o(i.HAL_TIMEx_BreakCallback)
    i.HAL_TIMEx_CommutCallback               0x08002284   Section        0  stm32f1xx_hal_tim_ex.o(i.HAL_TIMEx_CommutCallback)
    i.HAL_TIMEx_MasterConfigSynchronization  0x08002286   Section        0  stm32f1xx_hal_tim_ex.o(i.HAL_TIMEx_MasterConfigSynchronization)
    i.HAL_TIM_Base_Init                      0x080022c8   Section        0  stm32f1xx_hal_tim.o(i.HAL_TIM_Base_Init)
    i.HAL_TIM_Base_MspInit                   0x08002300   Section        0  tim.o(i.HAL_TIM_Base_MspInit)
    i.HAL_TIM_Base_Start_IT                  0x0800233c   Section        0  stm32f1xx_hal_tim.o(i.HAL_TIM_Base_Start_IT)
    i.HAL_TIM_Base_Stop_IT                   0x0800235e   Section        0  stm32f1xx_hal_tim.o(i.HAL_TIM_Base_Stop_IT)
    i.HAL_TIM_ConfigClockSource              0x08002388   Section        0  stm32f1xx_hal_tim.o(i.HAL_TIM_ConfigClockSource)
    i.HAL_TIM_IC_CaptureCallback             0x0800245e   Section        0  stm32f1xx_hal_tim.o(i.HAL_TIM_IC_CaptureCallback)
    i.HAL_TIM_IRQHandler                     0x08002460   Section        0  stm32f1xx_hal_tim.o(i.HAL_TIM_IRQHandler)
    i.HAL_TIM_OC_DelayElapsedCallback        0x080025c6   Section        0  stm32f1xx_hal_tim.o(i.HAL_TIM_OC_DelayElapsedCallback)
    i.HAL_TIM_PWM_PulseFinishedCallback      0x080025c8   Section        0  stm32f1xx_hal_tim.o(i.HAL_TIM_PWM_PulseFinishedCallback)
    i.HAL_TIM_PeriodElapsedCallback          0x080025cc   Section        0  hal_inf_receiver.o(i.HAL_TIM_PeriodElapsedCallback)
    i.HAL_TIM_TriggerCallback                0x080025e8   Section        0  stm32f1xx_hal_tim.o(i.HAL_TIM_TriggerCallback)
    i.HAL_UART_ErrorCallback                 0x080025ea   Section        0  stm32f1xx_hal_uart.o(i.HAL_UART_ErrorCallback)
    i.HAL_UART_IRQHandler                    0x080025ec   Section        0  stm32f1xx_hal_uart.o(i.HAL_UART_IRQHandler)
    i.HAL_UART_Init                          0x080026fc   Section        0  stm32f1xx_hal_uart.o(i.HAL_UART_Init)
    i.HAL_UART_MspInit                       0x08002760   Section        0  usart.o(i.HAL_UART_MspInit)
    i.HAL_UART_Receive_IT                    0x08002894   Section        0  stm32f1xx_hal_uart.o(i.HAL_UART_Receive_IT)
    i.HAL_UART_RxCpltCallback                0x080028e8   Section        0  user_uart.o(i.HAL_UART_RxCpltCallback)
    i.HAL_UART_Transmit                      0x08002970   Section        0  stm32f1xx_hal_uart.o(i.HAL_UART_Transmit)
    i.HAL_UART_Transmit_IT                   0x08002a2a   Section        0  stm32f1xx_hal_uart.o(i.HAL_UART_Transmit_IT)
    i.HAL_UART_TxCpltCallback                0x08002a68   Section        0  stm32f1xx_hal_uart.o(i.HAL_UART_TxCpltCallback)
    i.HardFault_Handler                      0x08002a6a   Section        0  stm32f1xx_it.o(i.HardFault_Handler)
    i.IIC_Start                              0x08002a6c   Section        0  hal_oled.o(i.IIC_Start)
    i.IIC_Stop                               0x08002aa0   Section        0  hal_oled.o(i.IIC_Stop)
    i.IIC_Wait_Ack                           0x08002acc   Section        0  hal_oled.o(i.IIC_Wait_Ack)
    i.Init_Buzzer                            0x08002aec   Section        0  hal_buzzer.o(i.Init_Buzzer)
    i.Init_Motor                             0x08002afc   Section        0  hal_motor.o(i.Init_Motor)
    i.Init_My9291                            0x08002b0c   Section        0  hal_rgb_my9291.o(i.Init_My9291)
    i.Init_Relay                             0x08002b34   Section        0  hal_relay.o(i.Init_Relay)
    i.Init_Rs485                             0x08002b44   Section        0  user_uart.o(i.Init_Rs485)
    i.MX_ADC1_Init                           0x08002b6c   Section        0  adc.o(i.MX_ADC1_Init)
    i.MX_GPIO_Init                           0x08002bbc   Section        0  gpio.o(i.MX_GPIO_Init)
    i.MX_RTC_Init                            0x08002d64   Section        0  rtc.o(i.MX_RTC_Init)
    i.MX_TIM3_Init                           0x08002dd8   Section        0  tim.o(i.MX_TIM3_Init)
    i.MX_USART1_UART_Init                    0x08002e40   Section        0  usart.o(i.MX_USART1_UART_Init)
    i.MX_USART2_UART_Init                    0x08002e78   Section        0  usart.o(i.MX_USART2_UART_Init)
    i.MX_USART3_UART_Init                    0x08002eb0   Section        0  usart.o(i.MX_USART3_UART_Init)
    i.MemManage_Handler                      0x08002ee8   Section        0  stm32f1xx_it.o(i.MemManage_Handler)
    i.My9291_Send_Duty                       0x08002eec   Section        0  hal_rgb_my9291.o(i.My9291_Send_Duty)
    i.NMI_Handler                            0x08002fd8   Section        0  stm32f1xx_it.o(i.NMI_Handler)
    i.OLED_Clear                             0x08002fda   Section        0  hal_oled.o(i.OLED_Clear)
    i.OLED_DrawBMP                           0x08003014   Section        0  hal_oled.o(i.OLED_DrawBMP)
    i.OLED_Init                              0x08003054   Section        0  hal_oled.o(i.OLED_Init)
    i.OLED_Set_Pos                           0x08003148   Section        0  hal_oled.o(i.OLED_Set_Pos)
    i.OLED_ShowChar                          0x08003174   Section        0  hal_oled.o(i.OLED_ShowChar)
    i.OLED_ShowString                        0x080031fc   Section        0  hal_oled.o(i.OLED_ShowString)
    i.OLED_Show_Bmp_Test                     0x08003234   Section        0  hal_oled.o(i.OLED_Show_Bmp_Test)
    i.OLED_WR_Byte                           0x08003250   Section        0  hal_oled.o(i.OLED_WR_Byte)
    i.PendSV_Handler                         0x0800325c   Section        0  stm32f1xx_it.o(i.PendSV_Handler)
    i.Pro_Inf_Receiver_Pin_Eint              0x08003260   Section        0  hal_inf_receiver.o(i.Pro_Inf_Receiver_Pin_Eint)
    i.RTC_Bcd2ToByte                         0x080032bc   Section        0  stm32f1xx_hal_rtc.o(i.RTC_Bcd2ToByte)
    RTC_Bcd2ToByte                           0x080032bd   Thumb Code    18  stm32f1xx_hal_rtc.o(i.RTC_Bcd2ToByte)
    i.RTC_ByteToBcd2                         0x080032ce   Section        0  stm32f1xx_hal_rtc.o(i.RTC_ByteToBcd2)
    RTC_ByteToBcd2                           0x080032cf   Thumb Code    22  stm32f1xx_hal_rtc.o(i.RTC_ByteToBcd2)
    i.RTC_DateUpdate                         0x080032e4   Section        0  stm32f1xx_hal_rtc.o(i.RTC_DateUpdate)
    RTC_DateUpdate                           0x080032e5   Thumb Code   174  stm32f1xx_hal_rtc.o(i.RTC_DateUpdate)
    i.RTC_EnterInitMode                      0x08003392   Section        0  stm32f1xx_hal_rtc.o(i.RTC_EnterInitMode)
    RTC_EnterInitMode                        0x08003393   Thumb Code    52  stm32f1xx_hal_rtc.o(i.RTC_EnterInitMode)
    i.RTC_ExitInitMode                       0x080033c8   Section        0  stm32f1xx_hal_rtc.o(i.RTC_ExitInitMode)
    RTC_ExitInitMode                         0x080033c9   Thumb Code    54  stm32f1xx_hal_rtc.o(i.RTC_ExitInitMode)
    i.RTC_ReadAlarmCounter                   0x080033fe   Section        0  stm32f1xx_hal_rtc.o(i.RTC_ReadAlarmCounter)
    RTC_ReadAlarmCounter                     0x080033ff   Thumb Code    14  stm32f1xx_hal_rtc.o(i.RTC_ReadAlarmCounter)
    i.RTC_ReadTimeCounter                    0x0800340c   Section        0  stm32f1xx_hal_rtc.o(i.RTC_ReadTimeCounter)
    RTC_ReadTimeCounter                      0x0800340d   Thumb Code    32  stm32f1xx_hal_rtc.o(i.RTC_ReadTimeCounter)
    i.RTC_WeekDayNum                         0x0800342c   Section        0  stm32f1xx_hal_rtc.o(i.RTC_WeekDayNum)
    RTC_WeekDayNum                           0x0800342d   Thumb Code    86  stm32f1xx_hal_rtc.o(i.RTC_WeekDayNum)
    i.RTC_WriteAlarmCounter                  0x08003482   Section        0  stm32f1xx_hal_rtc.o(i.RTC_WriteAlarmCounter)
    RTC_WriteAlarmCounter                    0x08003483   Thumb Code    40  stm32f1xx_hal_rtc.o(i.RTC_WriteAlarmCounter)
    i.RTC_WriteTimeCounter                   0x080034aa   Section        0  stm32f1xx_hal_rtc.o(i.RTC_WriteTimeCounter)
    RTC_WriteTimeCounter                     0x080034ab   Thumb Code    40  stm32f1xx_hal_rtc.o(i.RTC_WriteTimeCounter)
    i.Rs485_Send_Data                        0x080034d4   Section        0  user_uart.o(i.Rs485_Send_Data)
    i.SVC_Handler                            0x08003514   Section        0  stm32f1xx_it.o(i.SVC_Handler)
    i.Set_InfTube_State                      0x08003518   Section        0  hal_infrared_tube.o(i.Set_InfTube_State)
    i.Set_Key_State                          0x0800355c   Section        0  hal_key.o(i.Set_Key_State)
    i.Set_Motor_State                        0x08003598   Section        0  hal_motor.o(i.Set_Motor_State)
    i.Set_Pyr_State                          0x080035b0   Section        0  hal_pyr.o(i.Set_Pyr_State)
    i.SysTick_Handler                        0x080035c0   Section        0  stm32f1xx_it.o(i.SysTick_Handler)
    i.SystemClock_Config                     0x080035c4   Section        0  main.o(i.SystemClock_Config)
    i.SystemInit                             0x08003634   Section        0  system_stm32f1xx.o(i.SystemInit)
    i.TIM3_IRQHandler                        0x0800367c   Section        0  stm32f1xx_it.o(i.TIM3_IRQHandler)
    i.TIM_Base_SetConfig                     0x08003688   Section        0  stm32f1xx_hal_tim.o(i.TIM_Base_SetConfig)
    i.TIM_ETR_SetConfig                      0x08003714   Section        0  stm32f1xx_hal_tim.o(i.TIM_ETR_SetConfig)
    i.TIM_ITRx_SetConfig                     0x08003728   Section        0  stm32f1xx_hal_tim.o(i.TIM_ITRx_SetConfig)
    TIM_ITRx_SetConfig                       0x08003729   Thumb Code    16  stm32f1xx_hal_tim.o(i.TIM_ITRx_SetConfig)
    i.TIM_TI1_ConfigInputStage               0x08003738   Section        0  stm32f1xx_hal_tim.o(i.TIM_TI1_ConfigInputStage)
    TIM_TI1_ConfigInputStage                 0x08003739   Thumb Code    34  stm32f1xx_hal_tim.o(i.TIM_TI1_ConfigInputStage)
    i.TIM_TI2_ConfigInputStage               0x0800375a   Section        0  stm32f1xx_hal_tim.o(i.TIM_TI2_ConfigInputStage)
    TIM_TI2_ConfigInputStage                 0x0800375b   Thumb Code    36  stm32f1xx_hal_tim.o(i.TIM_TI2_ConfigInputStage)
    i.Test_Buzzer                            0x08003780   Section        0  hal_buzzer.o(i.Test_Buzzer)
    i.Test_Inf_Receiver                      0x080037bc   Section        0  hal_inf_receiver.o(i.Test_Inf_Receiver)
    i.Test_Led                               0x0800391c   Section        0  hal_led.o(i.Test_Led)
    i.Test_Ligh_Garde_Trigger                0x08003980   Section        0  hal_light_resistor.o(i.Test_Ligh_Garde_Trigger)
    i.Test_Motor                             0x080039c0   Section        0  hal_motor.o(i.Test_Motor)
    i.Test_Relay                             0x080039f4   Section        0  hal_relay.o(i.Test_Relay)
    i.Test_Rgb                               0x08003a24   Section        0  hal_rgb_my9291.o(i.Test_Rgb)
    i.UART_DMAAbortOnError                   0x08003a74   Section        0  stm32f1xx_hal_uart.o(i.UART_DMAAbortOnError)
    UART_DMAAbortOnError                     0x08003a75   Thumb Code    16  stm32f1xx_hal_uart.o(i.UART_DMAAbortOnError)
    i.UART_EndRxTransfer                     0x08003a84   Section        0  stm32f1xx_hal_uart.o(i.UART_EndRxTransfer)
    UART_EndRxTransfer                       0x08003a85   Thumb Code    28  stm32f1xx_hal_uart.o(i.UART_EndRxTransfer)
    i.UART_Receive_IT                        0x08003aa0   Section        0  stm32f1xx_hal_uart.o(i.UART_Receive_IT)
    UART_Receive_IT                          0x08003aa1   Thumb Code   150  stm32f1xx_hal_uart.o(i.UART_Receive_IT)
    i.UART_SetConfig                         0x08003b38   Section        0  stm32f1xx_hal_uart.o(i.UART_SetConfig)
    UART_SetConfig                           0x08003b39   Thumb Code   178  stm32f1xx_hal_uart.o(i.UART_SetConfig)
    i.UART_Transmit_IT                       0x08003bf0   Section        0  stm32f1xx_hal_uart.o(i.UART_Transmit_IT)
    UART_Transmit_IT                         0x08003bf1   Thumb Code    98  stm32f1xx_hal_uart.o(i.UART_Transmit_IT)
    i.UART_WaitOnFlagUntilTimeout            0x08003c52   Section        0  stm32f1xx_hal_uart.o(i.UART_WaitOnFlagUntilTimeout)
    UART_WaitOnFlagUntilTimeout              0x08003c53   Thumb Code   100  stm32f1xx_hal_uart.o(i.UART_WaitOnFlagUntilTimeout)
    i.USART1_IRQHandler                      0x08003cb8   Section        0  stm32f1xx_it.o(i.USART1_IRQHandler)
    i.USART2_IRQHandler                      0x08003cc4   Section        0  stm32f1xx_it.o(i.USART2_IRQHandler)
    i.USART3_IRQHandler                      0x08003cd0   Section        0  stm32f1xx_it.o(i.USART3_IRQHandler)
    i.UsageFault_Handler                     0x08003cdc   Section        0  stm32f1xx_it.o(i.UsageFault_Handler)
    i.Write_IIC_Byte                         0x08003ce0   Section        0  hal_oled.o(i.Write_IIC_Byte)
    i.Write_IIC_Command                      0x08003d20   Section        0  hal_oled.o(i.Write_IIC_Command)
    i.Write_IIC_Data                         0x08003d4e   Section        0  hal_oled.o(i.Write_IIC_Data)
    i.__0printf                              0x08003d7c   Section        0  printfa.o(i.__0printf)
    i.__0sprintf                             0x08003d9c   Section        0  printfa.o(i.__0sprintf)
    i.__NVIC_SetPriority                     0x08003dc4   Section        0  stm32f1xx_hal_cortex.o(i.__NVIC_SetPriority)
    __NVIC_SetPriority                       0x08003dc5   Thumb Code    32  stm32f1xx_hal_cortex.o(i.__NVIC_SetPriority)
    i.__scatterload_copy                     0x08003de4   Section       14  handlers.o(i.__scatterload_copy)
    i.__scatterload_null                     0x08003df2   Section        2  handlers.o(i.__scatterload_null)
    i.__scatterload_zeroinit                 0x08003df4   Section       14  handlers.o(i.__scatterload_zeroinit)
    i._fp_digits                             0x08003e04   Section        0  printfa.o(i._fp_digits)
    _fp_digits                               0x08003e05   Thumb Code   366  printfa.o(i._fp_digits)
    i._printf_core                           0x08003f88   Section        0  printfa.o(i._printf_core)
    _printf_core                             0x08003f89   Thumb Code  1744  printfa.o(i._printf_core)
    i._printf_post_padding                   0x08004664   Section        0  printfa.o(i._printf_post_padding)
    _printf_post_padding                     0x08004665   Thumb Code    36  printfa.o(i._printf_post_padding)
    i._printf_pre_padding                    0x08004688   Section        0  printfa.o(i._printf_pre_padding)
    _printf_pre_padding                      0x08004689   Thumb Code    46  printfa.o(i._printf_pre_padding)
    i._sputc                                 0x080046b6   Section        0  printfa.o(i._sputc)
    _sputc                                   0x080046b7   Thumb Code    10  printfa.o(i._sputc)
    i.check_uart_data                        0x080046c0   Section        0  user_uart.o(i.check_uart_data)
    i.dht11ReadByte                          0x080046fc   Section        0  hal_temp_hum.o(i.dht11ReadByte)
    dht11ReadByte                            0x080046fd   Thumb Code   102  hal_temp_hum.o(i.dht11ReadByte)
    i.dht11ReadData                          0x08004768   Section        0  hal_temp_hum.o(i.dht11ReadData)
    i.fputc                                  0x08004820   Section        0  common.o(i.fputc)
    i.init_uart_uart                         0x08004838   Section        0  user_uart.o(i.init_uart_uart)
    i.main                                   0x08004860   Section        0  main.o(i.main)
    i.my9291_dcki_pulse                      0x08004890   Section        0  hal_rgb_my9291.o(i.my9291_dcki_pulse)
    i.my9291_di_pulse                        0x080048c4   Section        0  hal_rgb_my9291.o(i.my9291_di_pulse)
    i.my9291_send_command                    0x080048f8   Section        0  hal_rgb_my9291.o(i.my9291_send_command)
    i.uartWrite                              0x0800499c   Section        0  user_uart.o(i.uartWrite)
    .constdata                               0x080049ce   Section       16  system_stm32f1xx.o(.constdata)
    .constdata                               0x080049de   Section        8  system_stm32f1xx.o(.constdata)
    .constdata                               0x080049e6   Section     4056  hal_oled.o(.constdata)
    .constdata                               0x080059c0   Section        1  hal_rgb_my9291.o(.constdata)
    .data                                    0x20000000   Section        4  board_test.o(.data)
    count                                    0x20000000   Data           4  board_test.o(.data)
    .data                                    0x20000004   Section       12  stm32f1xx_hal.o(.data)
    .data                                    0x20000010   Section        4  system_stm32f1xx.o(.data)
    .data                                    0x20000014   Section        2  hal_buzzer.o(.data)
    count                                    0x20000014   Data           2  hal_buzzer.o(.data)
    .data                                    0x20000018   Section        4  hal_inf_receiver.o(.data)
    .data                                    0x2000001c   Section        2  hal_infrared_tube.o(.data)
    gInfTubeState                            0x2000001c   Data           1  hal_infrared_tube.o(.data)
    gTrigger                                 0x2000001d   Data           1  hal_infrared_tube.o(.data)
    .data                                    0x2000001e   Section        3  hal_key.o(.data)
    .data                                    0x20000022   Section        2  hal_led.o(.data)
    count                                    0x20000022   Data           2  hal_led.o(.data)
    .data                                    0x20000024   Section        4  hal_light_resistor.o(.data)
    st1                                      0x20000024   Data           1  hal_light_resistor.o(.data)
    st2                                      0x20000025   Data           1  hal_light_resistor.o(.data)
    count                                    0x20000026   Data           2  hal_light_resistor.o(.data)
    .data                                    0x20000028   Section        2  hal_motor.o(.data)
    count                                    0x20000028   Data           2  hal_motor.o(.data)
    .data                                    0x2000002a   Section        2  hal_pyr.o(.data)
    gPyrState                                0x2000002a   Data           1  hal_pyr.o(.data)
    gTrigger                                 0x2000002b   Data           1  hal_pyr.o(.data)
    .data                                    0x2000002c   Section        2  hal_relay.o(.data)
    count                                    0x2000002c   Data           2  hal_relay.o(.data)
    .data                                    0x20000030   Section        8  hal_rgb_my9291.o(.data)
    count                                    0x20000034   Data           4  hal_rgb_my9291.o(.data)
    .data                                    0x20000038   Section        4  delay.o(.data)
    fac_us                                   0x20000038   Data           1  delay.o(.data)
    fac_ms                                   0x2000003a   Data           2  delay.o(.data)
    .data                                    0x2000003c   Section       10  user_uart.o(.data)
    .data                                    0x20000048   Section        4  stdout.o(.data)
    .bss                                     0x2000004c   Section       48  adc.o(.bss)
    .bss                                     0x2000007c   Section       20  rtc.o(.bss)
    .bss                                     0x20000090   Section       64  tim.o(.bss)
    .bss                                     0x200000d0   Section      192  usart.o(.bss)
    .bss                                     0x20000190   Section       96  hal_inf_receiver.o(.bss)
    .bss                                     0x200001f0   Section      300  user_uart.o(.bss)
    STACK                                    0x20000320   Section     1024  startup_stm32f103xe.o(STACK)

    Global Symbols

    Symbol Name                              Value     Ov Type        Size  Object(Section)

    BuildAttributes$$THM_ISAv4$P$D$K$B$S$PE$A:L22UL41UL21$X:L11$S22US41US21$IEEE1$IW$USESV6$~STKCKD$USESV7$~SHL$OTIME$ROPI$EBA8$MICROLIB$REQ8$PRES8$EABIv2 0x00000000   Number         0  anon$$obj.o ABSOLUTE
    __ARM_use_no_argv                        0x00000000   Number         0  main.o ABSOLUTE
    _printf_a                                0x00000000   Number         0  stubs.o ABSOLUTE
    _printf_c                                0x00000000   Number         0  stubs.o ABSOLUTE
    _printf_charcount                        0x00000000   Number         0  stubs.o ABSOLUTE
    _printf_d                                0x00000000   Number         0  stubs.o ABSOLUTE
    _printf_e                                0x00000000   Number         0  stubs.o ABSOLUTE
    _printf_f                                0x00000000   Number         0  stubs.o ABSOLUTE
    _printf_flags                            0x00000000   Number         0  stubs.o ABSOLUTE
    _printf_fp_dec                           0x00000000   Number         0  stubs.o ABSOLUTE
    _printf_fp_hex                           0x00000000   Number         0  stubs.o ABSOLUTE
    _printf_g                                0x00000000   Number         0  stubs.o ABSOLUTE
    _printf_i                                0x00000000   Number         0  stubs.o ABSOLUTE
    _printf_int_dec                          0x00000000   Number         0  stubs.o ABSOLUTE
    _printf_l                                0x00000000   Number         0  stubs.o ABSOLUTE
    _printf_lc                               0x00000000   Number         0  stubs.o ABSOLUTE
    _printf_ll                               0x00000000   Number         0  stubs.o ABSOLUTE
    _printf_lld                              0x00000000   Number         0  stubs.o ABSOLUTE
    _printf_lli                              0x00000000   Number         0  stubs.o ABSOLUTE
    _printf_llo                              0x00000000   Number         0  stubs.o ABSOLUTE
    _printf_llu                              0x00000000   Number         0  stubs.o ABSOLUTE
    _printf_llx                              0x00000000   Number         0  stubs.o ABSOLUTE
    _printf_longlong_dec                     0x00000000   Number         0  stubs.o ABSOLUTE
    _printf_longlong_hex                     0x00000000   Number         0  stubs.o ABSOLUTE
    _printf_longlong_oct                     0x00000000   Number         0  stubs.o ABSOLUTE
    _printf_ls                               0x00000000   Number         0  stubs.o ABSOLUTE
    _printf_mbtowc                           0x00000000   Number         0  stubs.o ABSOLUTE
    _printf_n                                0x00000000   Number         0  stubs.o ABSOLUTE
    _printf_o                                0x00000000   Number         0  stubs.o ABSOLUTE
    _printf_p                                0x00000000   Number         0  stubs.o ABSOLUTE
    _printf_percent                          0x00000000   Number         0  stubs.o ABSOLUTE
    _printf_pre_padding                      0x00000000   Number         0  stubs.o ABSOLUTE
    _printf_return_value                     0x00000000   Number         0  stubs.o ABSOLUTE
    _printf_s                                0x00000000   Number         0  stubs.o ABSOLUTE
    _printf_sizespec                         0x00000000   Number         0  stubs.o ABSOLUTE
    _printf_str                              0x00000000   Number         0  stubs.o ABSOLUTE
    _printf_truncate_signed                  0x00000000   Number         0  stubs.o ABSOLUTE
    _printf_truncate_unsigned                0x00000000   Number         0  stubs.o ABSOLUTE
    _printf_u                                0x00000000   Number         0  stubs.o ABSOLUTE
    _printf_wc                               0x00000000   Number         0  stubs.o ABSOLUTE
    _printf_wctomb                           0x00000000   Number         0  stubs.o ABSOLUTE
    _printf_widthprec                        0x00000000   Number         0  stubs.o ABSOLUTE
    _printf_x                                0x00000000   Number         0  stubs.o ABSOLUTE
    __cpp_initialize__aeabi_                  - Undefined Weak Reference
    __cxa_finalize                            - Undefined Weak Reference
    __decompress                              - Undefined Weak Reference
    _clock_init                               - Undefined Weak Reference
    _microlib_exit                            - Undefined Weak Reference
    __Vectors_Size                           0x00000130   Number         0  startup_stm32f103xe.o ABSOLUTE
    __Vectors                                0x08000000   Data           4  startup_stm32f103xe.o(RESET)
    __Vectors_End                            0x08000130   Data           0  startup_stm32f103xe.o(RESET)
    __main                                   0x08000131   Thumb Code     0  entry.o(.ARM.Collect$$$$00000000)
    _main_stk                                0x08000131   Thumb Code     0  entry2.o(.ARM.Collect$$$$00000001)
    _main_scatterload                        0x08000135   Thumb Code     0  entry5.o(.ARM.Collect$$$$00000004)
    __main_after_scatterload                 0x08000139   Thumb Code     0  entry5.o(.ARM.Collect$$$$00000004)
    _main_clock                              0x08000139   Thumb Code     0  entry7b.o(.ARM.Collect$$$$00000008)
    _main_cpp_init                           0x08000139   Thumb Code     0  entry8b.o(.ARM.Collect$$$$0000000A)
    _main_init                               0x08000139   Thumb Code     0  entry9a.o(.ARM.Collect$$$$0000000B)
    __rt_final_cpp                           0x08000141   Thumb Code     0  entry10a.o(.ARM.Collect$$$$0000000D)
    __rt_final_exit                          0x08000141   Thumb Code     0  entry11a.o(.ARM.Collect$$$$0000000F)
    Reset_Handler                            0x08000145   Thumb Code     8  startup_stm32f103xe.o(.text)
    ADC1_2_IRQHandler                        0x0800015f   Thumb Code     0  startup_stm32f103xe.o(.text)
    ADC3_IRQHandler                          0x0800015f   Thumb Code     0  startup_stm32f103xe.o(.text)
    CAN1_RX1_IRQHandler                      0x0800015f   Thumb Code     0  startup_stm32f103xe.o(.text)
    CAN1_SCE_IRQHandler                      0x0800015f   Thumb Code     0  startup_stm32f103xe.o(.text)
    DMA1_Channel1_IRQHandler                 0x0800015f   Thumb Code     0  startup_stm32f103xe.o(.text)
    DMA1_Channel2_IRQHandler                 0x0800015f   Thumb Code     0  startup_stm32f103xe.o(.text)
    DMA1_Channel3_IRQHandler                 0x0800015f   Thumb Code     0  startup_stm32f103xe.o(.text)
    DMA1_Channel4_IRQHandler                 0x0800015f   Thumb Code     0  startup_stm32f103xe.o(.text)
    DMA1_Channel5_IRQHandler                 0x0800015f   Thumb Code     0  startup_stm32f103xe.o(.text)
    DMA1_Channel6_IRQHandler                 0x0800015f   Thumb Code     0  startup_stm32f103xe.o(.text)
    DMA1_Channel7_IRQHandler                 0x0800015f   Thumb Code     0  startup_stm32f103xe.o(.text)
    DMA2_Channel1_IRQHandler                 0x0800015f   Thumb Code     0  startup_stm32f103xe.o(.text)
    DMA2_Channel2_IRQHandler                 0x0800015f   Thumb Code     0  startup_stm32f103xe.o(.text)
    DMA2_Channel3_IRQHandler                 0x0800015f   Thumb Code     0  startup_stm32f103xe.o(.text)
    DMA2_Channel4_5_IRQHandler               0x0800015f   Thumb Code     0  startup_stm32f103xe.o(.text)
    EXTI0_IRQHandler                         0x0800015f   Thumb Code     0  startup_stm32f103xe.o(.text)
    EXTI3_IRQHandler                         0x0800015f   Thumb Code     0  startup_stm32f103xe.o(.text)
    EXTI9_5_IRQHandler                       0x0800015f   Thumb Code     0  startup_stm32f103xe.o(.text)
    FLASH_IRQHandler                         0x0800015f   Thumb Code     0  startup_stm32f103xe.o(.text)
    FSMC_IRQHandler                          0x0800015f   Thumb Code     0  startup_stm32f103xe.o(.text)
    I2C1_ER_IRQHandler                       0x0800015f   Thumb Code     0  startup_stm32f103xe.o(.text)
    I2C1_EV_IRQHandler                       0x0800015f   Thumb Code     0  startup_stm32f103xe.o(.text)
    I2C2_ER_IRQHandler                       0x0800015f   Thumb Code     0  startup_stm32f103xe.o(.text)
    I2C2_EV_IRQHandler                       0x0800015f   Thumb Code     0  startup_stm32f103xe.o(.text)
    PVD_IRQHandler                           0x0800015f   Thumb Code     0  startup_stm32f103xe.o(.text)
    RCC_IRQHandler                           0x0800015f   Thumb Code     0  startup_stm32f103xe.o(.text)
    RTC_Alarm_IRQHandler                     0x0800015f   Thumb Code     0  startup_stm32f103xe.o(.text)
    RTC_IRQHandler                           0x0800015f   Thumb Code     0  startup_stm32f103xe.o(.text)
    SDIO_IRQHandler                          0x0800015f   Thumb Code     0  startup_stm32f103xe.o(.text)
    SPI1_IRQHandler                          0x0800015f   Thumb Code     0  startup_stm32f103xe.o(.text)
    SPI2_IRQHandler                          0x0800015f   Thumb Code     0  startup_stm32f103xe.o(.text)
    SPI3_IRQHandler                          0x0800015f   Thumb Code     0  startup_stm32f103xe.o(.text)
    TAMPER_IRQHandler                        0x0800015f   Thumb Code     0  startup_stm32f103xe.o(.text)
    TIM1_BRK_IRQHandler                      0x0800015f   Thumb Code     0  startup_stm32f103xe.o(.text)
    TIM1_CC_IRQHandler                       0x0800015f   Thumb Code     0  startup_stm32f103xe.o(.text)
    TIM1_TRG_COM_IRQHandler                  0x0800015f   Thumb Code     0  startup_stm32f103xe.o(.text)
    TIM1_UP_IRQHandler                       0x0800015f   Thumb Code     0  startup_stm32f103xe.o(.text)
    TIM2_IRQHandler                          0x0800015f   Thumb Code     0  startup_stm32f103xe.o(.text)
    TIM4_IRQHandler                          0x0800015f   Thumb Code     0  startup_stm32f103xe.o(.text)
    TIM5_IRQHandler                          0x0800015f   Thumb Code     0  startup_stm32f103xe.o(.text)
    TIM6_IRQHandler                          0x0800015f   Thumb Code     0  startup_stm32f103xe.o(.text)
    TIM7_IRQHandler                          0x0800015f   Thumb Code     0  startup_stm32f103xe.o(.text)
    TIM8_BRK_IRQHandler                      0x0800015f   Thumb Code     0  startup_stm32f103xe.o(.text)
    TIM8_CC_IRQHandler                       0x0800015f   Thumb Code     0  startup_stm32f103xe.o(.text)
    TIM8_TRG_COM_IRQHandler                  0x0800015f   Thumb Code     0  startup_stm32f103xe.o(.text)
    TIM8_UP_IRQHandler                       0x0800015f   Thumb Code     0  startup_stm32f103xe.o(.text)
    UART4_IRQHandler                         0x0800015f   Thumb Code     0  startup_stm32f103xe.o(.text)
    UART5_IRQHandler                         0x0800015f   Thumb Code     0  startup_stm32f103xe.o(.text)
    USBWakeUp_IRQHandler                     0x0800015f   Thumb Code     0  startup_stm32f103xe.o(.text)
    USB_HP_CAN1_TX_IRQHandler                0x0800015f   Thumb Code     0  startup_stm32f103xe.o(.text)
    USB_LP_CAN1_RX0_IRQHandler               0x0800015f   Thumb Code     0  startup_stm32f103xe.o(.text)
    WWDG_IRQHandler                          0x0800015f   Thumb Code     0  startup_stm32f103xe.o(.text)
    __aeabi_llsr                             0x08000169   Thumb Code    32  llushr.o(.text)
    _ll_ushift_r                             0x08000169   Thumb Code     0  llushr.o(.text)
    __aeabi_memset                           0x08000189   Thumb Code    14  memseta.o(.text)
    __aeabi_memset4                          0x08000189   Thumb Code     0  memseta.o(.text)
    __aeabi_memset8                          0x08000189   Thumb Code     0  memseta.o(.text)
    __aeabi_memclr                           0x08000197   Thumb Code     4  memseta.o(.text)
    __aeabi_memclr4                          0x08000197   Thumb Code     0  memseta.o(.text)
    __aeabi_memclr8                          0x08000197   Thumb Code     0  memseta.o(.text)
    _memset$wrapper                          0x0800019b   Thumb Code    18  memseta.o(.text)
    __aeabi_dmul                             0x080001ad   Thumb Code   228  dmul.o(.text)
    __ARM_scalbn                             0x08000291   Thumb Code    46  dscalb.o(.text)
    scalbn                                   0x08000291   Thumb Code     0  dscalb.o(.text)
    __aeabi_ui2d                             0x080002bf   Thumb Code    26  dfltui.o(.text)
    __aeabi_f2d                              0x080002d9   Thumb Code    38  f2d.o(.text)
    __aeabi_d2f                              0x080002ff   Thumb Code    56  d2f.o(.text)
    __aeabi_cfcmpeq                          0x08000339   Thumb Code     0  cfcmple.o(.text)
    __aeabi_cfcmple                          0x08000339   Thumb Code    20  cfcmple.o(.text)
    __aeabi_uidiv                            0x0800034d   Thumb Code     0  uidiv.o(.text)
    __aeabi_uidivmod                         0x0800034d   Thumb Code    44  uidiv.o(.text)
    __aeabi_uldivmod                         0x08000379   Thumb Code    98  uldiv.o(.text)
    __I$use$fp                               0x080003db   Thumb Code     0  iusefp.o(.text)
    _float_round                             0x080003db   Thumb Code    18  fepilogue.o(.text)
    _float_epilogue                          0x080003ed   Thumb Code    92  fepilogue.o(.text)
    _double_round                            0x08000449   Thumb Code    30  depilogue.o(.text)
    _double_epilogue                         0x08000467   Thumb Code   156  depilogue.o(.text)
    __aeabi_dadd                             0x08000503   Thumb Code   322  dadd.o(.text)
    __aeabi_dsub                             0x08000645   Thumb Code     6  dadd.o(.text)
    __aeabi_drsub                            0x0800064b   Thumb Code     6  dadd.o(.text)
    __aeabi_ddiv                             0x08000651   Thumb Code   222  ddiv.o(.text)
    __aeabi_d2ulz                            0x0800072f   Thumb Code    48  dfixul.o(.text)
    __aeabi_cdrcmple                         0x08000761   Thumb Code    48  cdrcmple.o(.text)
    __scatterload                            0x08000791   Thumb Code    28  init.o(.text)
    __scatterload_rt2                        0x08000791   Thumb Code     0  init.o(.text)
    __aeabi_llsl                             0x080007b5   Thumb Code    30  llshl.o(.text)
    _ll_shift_l                              0x080007b5   Thumb Code     0  llshl.o(.text)
    __aeabi_lasr                             0x080007d3   Thumb Code    36  llsshr.o(.text)
    _ll_sshift_r                             0x080007d3   Thumb Code     0  llsshr.o(.text)
    ADC_ConversionStop_Disable               0x080007f9   Thumb Code    76  stm32f1xx_hal_adc.o(i.ADC_ConversionStop_Disable)
    ADC_Enable                               0x08000845   Thumb Code   104  stm32f1xx_hal_adc.o(i.ADC_Enable)
    BaordInit                                0x080008b5   Thumb Code   206  board_test.o(i.BaordInit)
    BoardTest                                0x080009b5   Thumb Code   328  board_test.o(i.BoardTest)
    BusFault_Handler                         0x08000bb5   Thumb Code     2  stm32f1xx_it.o(i.BusFault_Handler)
    Check_Rs485_data                         0x08000bb9   Thumb Code    28  user_uart.o(i.Check_Rs485_data)
    Control_Led                              0x08000bdd   Thumb Code   100  hal_led.o(i.Control_Led)
    Control_Relay                            0x08000c49   Thumb Code    20  hal_relay.o(i.Control_Relay)
    DHT11_IO_IN                              0x08000c61   Thumb Code    26  hal_temp_hum.o(i.DHT11_IO_IN)
    DHT11_IO_OUT                             0x08000c81   Thumb Code    22  hal_temp_hum.o(i.DHT11_IO_OUT)
    DebugMon_Handler                         0x08000c9d   Thumb Code     2  stm32f1xx_it.o(i.DebugMon_Handler)
    Delay_Init                               0x08000ca1   Thumb Code    38  delay.o(i.Delay_Init)
    Delay_Ms                                 0x08000ccd   Thumb Code    36  delay.o(i.Delay_Ms)
    Delay_Us                                 0x08000cf5   Thumb Code    36  delay.o(i.Delay_Us)
    EXTI15_10_IRQHandler                     0x08000d1d   Thumb Code    30  stm32f1xx_it.o(i.EXTI15_10_IRQHandler)
    EXTI1_IRQHandler                         0x08000d3b   Thumb Code     6  stm32f1xx_it.o(i.EXTI1_IRQHandler)
    EXTI2_IRQHandler                         0x08000d41   Thumb Code     6  stm32f1xx_it.o(i.EXTI2_IRQHandler)
    EXTI4_IRQHandler                         0x08000d47   Thumb Code     6  stm32f1xx_it.o(i.EXTI4_IRQHandler)
    Error_Handler                            0x08000d4d   Thumb Code     2  main.o(i.Error_Handler)
    GetDateAndTime                           0x08000d51   Thumb Code    74  hal_calendar.o(i.GetDateAndTime)
    Get_InfTube_State_Trigger                0x08000da1   Thumb Code    16  hal_infrared_tube.o(i.Get_InfTube_State_Trigger)
    Get_Key_State                            0x08000db5   Thumb Code    46  hal_key.o(i.Get_Key_State)
    Get_Light_Str_Adc                        0x08000df5   Thumb Code    68  hal_light_resistor.o(i.Get_Light_Str_Adc)
    Get_Pyr_State_Trigger                    0x08000e41   Thumb Code    16  hal_pyr.o(i.Get_Pyr_State_Trigger)
    HAL_ADC_ConfigChannel                    0x08000e55   Thumb Code   240  stm32f1xx_hal_adc.o(i.HAL_ADC_ConfigChannel)
    HAL_ADC_GetState                         0x08000f51   Thumb Code     4  stm32f1xx_hal_adc.o(i.HAL_ADC_GetState)
    HAL_ADC_GetValue                         0x08000f55   Thumb Code     6  stm32f1xx_hal_adc.o(i.HAL_ADC_GetValue)
    HAL_ADC_Init                             0x08000f5d   Thumb Code   272  stm32f1xx_hal_adc.o(i.HAL_ADC_Init)
    HAL_ADC_MspInit                          0x0800107d   Thumb Code    76  adc.o(i.HAL_ADC_MspInit)
    HAL_ADC_PollForConversion                0x080010d5   Thumb Code   290  stm32f1xx_hal_adc.o(i.HAL_ADC_PollForConversion)
    HAL_ADC_Start                            0x08001205   Thumb Code   184  stm32f1xx_hal_adc.o(i.HAL_ADC_Start)
    HAL_DMA_Abort_IT                         0x080012c5   Thumb Code   296  stm32f1xx_hal_dma.o(i.HAL_DMA_Abort_IT)
    HAL_GPIO_EXTI_Callback                   0x080013f5   Thumb Code   138  user_pro_eint.o(i.HAL_GPIO_EXTI_Callback)
    HAL_GPIO_EXTI_IRQHandler                 0x08001491   Thumb Code    18  stm32f1xx_hal_gpio.o(i.HAL_GPIO_EXTI_IRQHandler)
    HAL_GPIO_Init                            0x080014a9   Thumb Code   462  stm32f1xx_hal_gpio.o(i.HAL_GPIO_Init)
    HAL_GPIO_ReadPin                         0x080016a1   Thumb Code    10  stm32f1xx_hal_gpio.o(i.HAL_GPIO_ReadPin)
    HAL_GPIO_WritePin                        0x080016ab   Thumb Code    10  stm32f1xx_hal_gpio.o(i.HAL_GPIO_WritePin)
    HAL_GetTick                              0x080016b5   Thumb Code     6  stm32f1xx_hal.o(i.HAL_GetTick)
    HAL_IncTick                              0x080016c1   Thumb Code    12  stm32f1xx_hal.o(i.HAL_IncTick)
    HAL_Init                                 0x080016d1   Thumb Code    32  stm32f1xx_hal.o(i.HAL_Init)
    HAL_InitTick                             0x080016f5   Thumb Code    54  stm32f1xx_hal.o(i.HAL_InitTick)
    HAL_MspInit                              0x08001735   Thumb Code    52  stm32f1xx_hal_msp.o(i.HAL_MspInit)
    HAL_NVIC_EnableIRQ                       0x08001771   Thumb Code    26  stm32f1xx_hal_cortex.o(i.HAL_NVIC_EnableIRQ)
    HAL_NVIC_SetPriority                     0x0800178d   Thumb Code    60  stm32f1xx_hal_cortex.o(i.HAL_NVIC_SetPriority)
    HAL_NVIC_SetPriorityGrouping             0x080017cd   Thumb Code    26  stm32f1xx_hal_cortex.o(i.HAL_NVIC_SetPriorityGrouping)
    HAL_PWR_EnableBkUpAccess                 0x080017f1   Thumb Code     8  stm32f1xx_hal_pwr.o(i.HAL_PWR_EnableBkUpAccess)
    HAL_RCCEx_GetPeriphCLKFreq               0x080017fd   Thumb Code   180  stm32f1xx_hal_rcc_ex.o(i.HAL_RCCEx_GetPeriphCLKFreq)
    HAL_RCCEx_PeriphCLKConfig                0x080018d1   Thumb Code   224  stm32f1xx_hal_rcc_ex.o(i.HAL_RCCEx_PeriphCLKConfig)
    HAL_RCC_ClockConfig                      0x080019bd   Thumb Code   280  stm32f1xx_hal_rcc.o(i.HAL_RCC_ClockConfig)
    HAL_RCC_GetPCLK1Freq                     0x08001ae9   Thumb Code    20  stm32f1xx_hal_rcc.o(i.HAL_RCC_GetPCLK1Freq)
    HAL_RCC_GetPCLK2Freq                     0x08001b09   Thumb Code    20  stm32f1xx_hal_rcc.o(i.HAL_RCC_GetPCLK2Freq)
    HAL_RCC_GetSysClockFreq                  0x08001b29   Thumb Code    74  stm32f1xx_hal_rcc.o(i.HAL_RCC_GetSysClockFreq)
    HAL_RCC_OscConfig                        0x08001b95   Thumb Code   778  stm32f1xx_hal_rcc.o(i.HAL_RCC_OscConfig)
    HAL_RTC_GetDate                          0x08001eb5   Thumb Code    78  stm32f1xx_hal_rtc.o(i.HAL_RTC_GetDate)
    HAL_RTC_GetTime                          0x08001f03   Thumb Code   216  stm32f1xx_hal_rtc.o(i.HAL_RTC_GetTime)
    HAL_RTC_Init                             0x08001fdd   Thumb Code   154  stm32f1xx_hal_rtc.o(i.HAL_RTC_Init)
    HAL_RTC_MspInit                          0x0800207d   Thumb Code    40  rtc.o(i.HAL_RTC_MspInit)
    HAL_RTC_SetDate                          0x080020b1   Thumb Code   192  stm32f1xx_hal_rtc.o(i.HAL_RTC_SetDate)
    HAL_RTC_SetTime                          0x08002175   Thumb Code   168  stm32f1xx_hal_rtc.o(i.HAL_RTC_SetTime)
    HAL_RTC_WaitForSynchro                   0x08002221   Thumb Code    58  stm32f1xx_hal_rtc.o(i.HAL_RTC_WaitForSynchro)
    HAL_SYSTICK_Config                       0x0800225b   Thumb Code    40  stm32f1xx_hal_cortex.o(i.HAL_SYSTICK_Config)
    HAL_TIMEx_BreakCallback                  0x08002283   Thumb Code     2  stm32f1xx_hal_tim_ex.o(i.HAL_TIMEx_BreakCallback)
    HAL_TIMEx_CommutCallback                 0x08002285   Thumb Code     2  stm32f1xx_hal_tim_ex.o(i.HAL_TIMEx_CommutCallback)
    HAL_TIMEx_MasterConfigSynchronization    0x08002287   Thumb Code    66  stm32f1xx_hal_tim_ex.o(i.HAL_TIMEx_MasterConfigSynchronization)
    HAL_TIM_Base_Init                        0x080022c9   Thumb Code    54  stm32f1xx_hal_tim.o(i.HAL_TIM_Base_Init)
    HAL_TIM_Base_MspInit                     0x08002301   Thumb Code    50  tim.o(i.HAL_TIM_Base_MspInit)
    HAL_TIM_Base_Start_IT                    0x0800233d   Thumb Code    34  stm32f1xx_hal_tim.o(i.HAL_TIM_Base_Start_IT)
    HAL_TIM_Base_Stop_IT                     0x0800235f   Thumb Code    42  stm32f1xx_hal_tim.o(i.HAL_TIM_Base_Stop_IT)
    HAL_TIM_ConfigClockSource                0x08002389   Thumb Code   214  stm32f1xx_hal_tim.o(i.HAL_TIM_ConfigClockSource)
    HAL_TIM_IC_CaptureCallback               0x0800245f   Thumb Code     2  stm32f1xx_hal_tim.o(i.HAL_TIM_IC_CaptureCallback)
    HAL_TIM_IRQHandler                       0x08002461   Thumb Code   358  stm32f1xx_hal_tim.o(i.HAL_TIM_IRQHandler)
    HAL_TIM_OC_DelayElapsedCallback          0x080025c7   Thumb Code     2  stm32f1xx_hal_tim.o(i.HAL_TIM_OC_DelayElapsedCallback)
    HAL_TIM_PWM_PulseFinishedCallback        0x080025c9   Thumb Code     2  stm32f1xx_hal_tim.o(i.HAL_TIM_PWM_PulseFinishedCallback)
    HAL_TIM_PeriodElapsedCallback            0x080025cd   Thumb Code    18  hal_inf_receiver.o(i.HAL_TIM_PeriodElapsedCallback)
    HAL_TIM_TriggerCallback                  0x080025e9   Thumb Code     2  stm32f1xx_hal_tim.o(i.HAL_TIM_TriggerCallback)
    HAL_UART_ErrorCallback                   0x080025eb   Thumb Code     2  stm32f1xx_hal_uart.o(i.HAL_UART_ErrorCallback)
    HAL_UART_IRQHandler                      0x080025ed   Thumb Code   266  stm32f1xx_hal_uart.o(i.HAL_UART_IRQHandler)
    HAL_UART_Init                            0x080026fd   Thumb Code    98  stm32f1xx_hal_uart.o(i.HAL_UART_Init)
    HAL_UART_MspInit                         0x08002761   Thumb Code   282  usart.o(i.HAL_UART_MspInit)
    HAL_UART_Receive_IT                      0x08002895   Thumb Code    82  stm32f1xx_hal_uart.o(i.HAL_UART_Receive_IT)
    HAL_UART_RxCpltCallback                  0x080028e9   Thumb Code   116  user_uart.o(i.HAL_UART_RxCpltCallback)
    HAL_UART_Transmit                        0x08002971   Thumb Code   186  stm32f1xx_hal_uart.o(i.HAL_UART_Transmit)
    HAL_UART_Transmit_IT                     0x08002a2b   Thumb Code    62  stm32f1xx_hal_uart.o(i.HAL_UART_Transmit_IT)
    HAL_UART_TxCpltCallback                  0x08002a69   Thumb Code     2  stm32f1xx_hal_uart.o(i.HAL_UART_TxCpltCallback)
    HardFault_Handler                        0x08002a6b   Thumb Code     2  stm32f1xx_it.o(i.HardFault_Handler)
    IIC_Start                                0x08002a6d   Thumb Code    48  hal_oled.o(i.IIC_Start)
    IIC_Stop                                 0x08002aa1   Thumb Code    38  hal_oled.o(i.IIC_Stop)
    IIC_Wait_Ack                             0x08002acd   Thumb Code    28  hal_oled.o(i.IIC_Wait_Ack)
    Init_Buzzer                              0x08002aed   Thumb Code    10  hal_buzzer.o(i.Init_Buzzer)
    Init_Motor                               0x08002afd   Thumb Code    10  hal_motor.o(i.Init_Motor)
    Init_My9291                              0x08002b0d   Thumb Code    34  hal_rgb_my9291.o(i.Init_My9291)
    Init_Relay                               0x08002b35   Thumb Code    10  hal_relay.o(i.Init_Relay)
    Init_Rs485                               0x08002b45   Thumb Code    26  user_uart.o(i.Init_Rs485)
    MX_ADC1_Init                             0x08002b6d   Thumb Code    72  adc.o(i.MX_ADC1_Init)
    MX_GPIO_Init                             0x08002bbd   Thumb Code   390  gpio.o(i.MX_GPIO_Init)
    MX_RTC_Init                              0x08002d65   Thumb Code   108  rtc.o(i.MX_RTC_Init)
    MX_TIM3_Init                             0x08002dd9   Thumb Code    94  tim.o(i.MX_TIM3_Init)
    MX_USART1_UART_Init                      0x08002e41   Thumb Code    48  usart.o(i.MX_USART1_UART_Init)
    MX_USART2_UART_Init                      0x08002e79   Thumb Code    48  usart.o(i.MX_USART2_UART_Init)
    MX_USART3_UART_Init                      0x08002eb1   Thumb Code    48  usart.o(i.MX_USART3_UART_Init)
    MemManage_Handler                        0x08002ee9   Thumb Code     2  stm32f1xx_it.o(i.MemManage_Handler)
    My9291_Send_Duty                         0x08002eed   Thumb Code   228  hal_rgb_my9291.o(i.My9291_Send_Duty)
    NMI_Handler                              0x08002fd9   Thumb Code     2  stm32f1xx_it.o(i.NMI_Handler)
    OLED_Clear                               0x08002fdb   Thumb Code    58  hal_oled.o(i.OLED_Clear)
    OLED_DrawBMP                             0x08003015   Thumb Code    64  hal_oled.o(i.OLED_DrawBMP)
    OLED_Init                                0x08003055   Thumb Code   240  hal_oled.o(i.OLED_Init)
    OLED_Set_Pos                             0x08003149   Thumb Code    42  hal_oled.o(i.OLED_Set_Pos)
    OLED_ShowChar                            0x08003175   Thumb Code   128  hal_oled.o(i.OLED_ShowChar)
    OLED_ShowString                          0x080031fd   Thumb Code    54  hal_oled.o(i.OLED_ShowString)
    OLED_Show_Bmp_Test                       0x08003235   Thumb Code    24  hal_oled.o(i.OLED_Show_Bmp_Test)
    OLED_WR_Byte                             0x08003251   Thumb Code    12  hal_oled.o(i.OLED_WR_Byte)
    PendSV_Handler                           0x0800325d   Thumb Code     2  stm32f1xx_it.o(i.PendSV_Handler)
    Pro_Inf_Receiver_Pin_Eint                0x08003261   Thumb Code    82  hal_inf_receiver.o(i.Pro_Inf_Receiver_Pin_Eint)
    Rs485_Send_Data                          0x080034d5   Thumb Code    54  user_uart.o(i.Rs485_Send_Data)
    SVC_Handler                              0x08003515   Thumb Code     2  stm32f1xx_it.o(i.SVC_Handler)
    Set_InfTube_State                        0x08003519   Thumb Code    20  hal_infrared_tube.o(i.Set_InfTube_State)
    Set_Key_State                            0x0800355d   Thumb Code    34  hal_key.o(i.Set_Key_State)
    Set_Motor_State                          0x08003599   Thumb Code    20  hal_motor.o(i.Set_Motor_State)
    Set_Pyr_State                            0x080035b1   Thumb Code    12  hal_pyr.o(i.Set_Pyr_State)
    SysTick_Handler                          0x080035c1   Thumb Code     4  stm32f1xx_it.o(i.SysTick_Handler)
    SystemClock_Config                       0x080035c5   Thumb Code   110  main.o(i.SystemClock_Config)
    SystemInit                               0x08003635   Thumb Code    56  system_stm32f1xx.o(i.SystemInit)
    TIM3_IRQHandler                          0x0800367d   Thumb Code     6  stm32f1xx_it.o(i.TIM3_IRQHandler)
    TIM_Base_SetConfig                       0x08003689   Thumb Code   120  stm32f1xx_hal_tim.o(i.TIM_Base_SetConfig)
    TIM_ETR_SetConfig                        0x08003715   Thumb Code    20  stm32f1xx_hal_tim.o(i.TIM_ETR_SetConfig)
    Test_Buzzer                              0x08003781   Thumb Code    50  hal_buzzer.o(i.Test_Buzzer)
    Test_Inf_Receiver                        0x080037bd   Thumb Code   198  hal_inf_receiver.o(i.Test_Inf_Receiver)
    Test_Led                                 0x0800391d   Thumb Code    96  hal_led.o(i.Test_Led)
    Test_Ligh_Garde_Trigger                  0x08003981   Thumb Code    56  hal_light_resistor.o(i.Test_Ligh_Garde_Trigger)
    Test_Motor                               0x080039c1   Thumb Code    46  hal_motor.o(i.Test_Motor)
    Test_Relay                               0x080039f5   Thumb Code    44  hal_relay.o(i.Test_Relay)
    Test_Rgb                                 0x08003a25   Thumb Code    74  hal_rgb_my9291.o(i.Test_Rgb)
    USART1_IRQHandler                        0x08003cb9   Thumb Code     6  stm32f1xx_it.o(i.USART1_IRQHandler)
    USART2_IRQHandler                        0x08003cc5   Thumb Code     6  stm32f1xx_it.o(i.USART2_IRQHandler)
    USART3_IRQHandler                        0x08003cd1   Thumb Code     6  stm32f1xx_it.o(i.USART3_IRQHandler)
    UsageFault_Handler                       0x08003cdd   Thumb Code     2  stm32f1xx_it.o(i.UsageFault_Handler)
    Write_IIC_Byte                           0x08003ce1   Thumb Code    60  hal_oled.o(i.Write_IIC_Byte)
    Write_IIC_Command                        0x08003d21   Thumb Code    46  hal_oled.o(i.Write_IIC_Command)
    Write_IIC_Data                           0x08003d4f   Thumb Code    46  hal_oled.o(i.Write_IIC_Data)
    __0printf                                0x08003d7d   Thumb Code    22  printfa.o(i.__0printf)
    __1printf                                0x08003d7d   Thumb Code     0  printfa.o(i.__0printf)
    __2printf                                0x08003d7d   Thumb Code     0  printfa.o(i.__0printf)
    __c89printf                              0x08003d7d   Thumb Code     0  printfa.o(i.__0printf)
    printf                                   0x08003d7d   Thumb Code     0  printfa.o(i.__0printf)
    __0sprintf                               0x08003d9d   Thumb Code    34  printfa.o(i.__0sprintf)
    __1sprintf                               0x08003d9d   Thumb Code     0  printfa.o(i.__0sprintf)
    __2sprintf                               0x08003d9d   Thumb Code     0  printfa.o(i.__0sprintf)
    __c89sprintf                             0x08003d9d   Thumb Code     0  printfa.o(i.__0sprintf)
    sprintf                                  0x08003d9d   Thumb Code     0  printfa.o(i.__0sprintf)
    __scatterload_copy                       0x08003de5   Thumb Code    14  handlers.o(i.__scatterload_copy)
    __scatterload_null                       0x08003df3   Thumb Code     2  handlers.o(i.__scatterload_null)
    __scatterload_zeroinit                   0x08003df5   Thumb Code    14  handlers.o(i.__scatterload_zeroinit)
    check_uart_data                          0x080046c1   Thumb Code    44  user_uart.o(i.check_uart_data)
    dht11ReadData                            0x08004769   Thumb Code   178  hal_temp_hum.o(i.dht11ReadData)
    fputc                                    0x08004821   Thumb Code    20  common.o(i.fputc)
    init_uart_uart                           0x08004839   Thumb Code    28  user_uart.o(i.init_uart_uart)
    main                                     0x08004861   Thumb Code    46  main.o(i.main)
    my9291_dcki_pulse                        0x08004891   Thumb Code    48  hal_rgb_my9291.o(i.my9291_dcki_pulse)
    my9291_di_pulse                          0x080048c5   Thumb Code    48  hal_rgb_my9291.o(i.my9291_di_pulse)
    my9291_send_command                      0x080048f9   Thumb Code   154  hal_rgb_my9291.o(i.my9291_send_command)
    uartWrite                                0x0800499d   Thumb Code    50  user_uart.o(i.uartWrite)
    AHBPrescTable                            0x080049ce   Data          16  system_stm32f1xx.o(.constdata)
    APBPrescTable                            0x080049de   Data           8  system_stm32f1xx.o(.constdata)
    F6x8                                     0x080049e6   Data         552  hal_oled.o(.constdata)
    F8X16                                    0x08004c0e   Data        1520  hal_oled.o(.constdata)
    Hzk                                      0x080051fe   Data         960  hal_oled.o(.constdata)
    bmp_test                                 0x080055be   Data        1024  hal_oled.o(.constdata)
    Region$$Table$$Base                      0x080059c4   Number         0  anon$$obj.o(Region$$Table)
    Region$$Table$$Limit                     0x080059e4   Number         0  anon$$obj.o(Region$$Table)
    uwTickFreq                               0x20000004   Data           1  stm32f1xx_hal.o(.data)
    uwTickPrio                               0x20000008   Data           4  stm32f1xx_hal.o(.data)
    uwTick                                   0x2000000c   Data           4  stm32f1xx_hal.o(.data)
    SystemCoreClock                          0x20000010   Data           4  system_stm32f1xx.o(.data)
    ginf_htim                                0x20000018   Data           4  hal_inf_receiver.o(.data)
    gKeyState                                0x2000001e   Data           3  hal_key.o(.data)
    my9291_commands                          0x20000030   Data           1  hal_rgb_my9291.o(.data)
    guart1_temp_value                        0x2000003c   Data           1  user_uart.o(.data)
    guart2_temp_value                        0x2000003d   Data           1  user_uart.o(.data)
    guart3_temp_value                        0x2000003e   Data           1  user_uart.o(.data)
    guart1_recvied_len                       0x20000040   Data           2  user_uart.o(.data)
    guart2_recvied_len                       0x20000042   Data           2  user_uart.o(.data)
    guart3_recvied_len                       0x20000044   Data           2  user_uart.o(.data)
    __stdout                                 0x20000048   Data           4  stdout.o(.data)
    hadc1                                    0x2000004c   Data          48  adc.o(.bss)
    hrtc                                     0x2000007c   Data          20  rtc.o(.bss)
    htim3                                    0x20000090   Data          64  tim.o(.bss)
    huart1                                   0x200000d0   Data          64  usart.o(.bss)
    huart2                                   0x20000110   Data          64  usart.o(.bss)
    huart3                                   0x20000150   Data          64  usart.o(.bss)
    gInf_State                               0x20000190   Data          96  hal_inf_receiver.o(.bss)
    guart1_cache_buf                         0x200001f0   Data         100  user_uart.o(.bss)
    guart2_cache_buf                         0x20000254   Data         100  user_uart.o(.bss)
    guart3_cache_buf                         0x200002b8   Data         100  user_uart.o(.bss)
    __initial_sp                             0x20000720   Data           0  startup_stm32f103xe.o(STACK)



==============================================================================

Memory Map of the image

  Image Entry point : 0x08000131

  Load Region LR_IROM1 (Base: 0x08000000, Size: 0x00005a30, Max: 0x00040000, ABSOLUTE)

    Execution Region ER_IROM1 (Exec base: 0x08000000, Load base: 0x08000000, Size: 0x000059e4, Max: 0x00040000, ABSOLUTE)

    Exec Addr    Load Addr    Size         Type   Attr      Idx    E Section Name        Object

    0x08000000   0x08000000   0x00000130   Data   RO            3    RESET               startup_stm32f103xe.o
    0x08000130   0x08000130   0x00000000   Code   RO         4314  * .ARM.Collect$$$$00000000  mc_w.l(entry.o)
    0x08000130   0x08000130   0x00000004   Code   RO         4594    .ARM.Collect$$$$00000001  mc_w.l(entry2.o)
    0x08000134   0x08000134   0x00000004   Code   RO         4597    .ARM.Collect$$$$00000004  mc_w.l(entry5.o)
    0x08000138   0x08000138   0x00000000   Code   RO         4599    .ARM.Collect$$$$00000008  mc_w.l(entry7b.o)
    0x08000138   0x08000138   0x00000000   Code   RO         4601    .ARM.Collect$$$$0000000A  mc_w.l(entry8b.o)
    0x08000138   0x08000138   0x00000008   Code   RO         4602    .ARM.Collect$$$$0000000B  mc_w.l(entry9a.o)
    0x08000140   0x08000140   0x00000000   Code   RO         4604    .ARM.Collect$$$$0000000D  mc_w.l(entry10a.o)
    0x08000140   0x08000140   0x00000000   Code   RO         4606    .ARM.Collect$$$$0000000F  mc_w.l(entry11a.o)
    0x08000140   0x08000140   0x00000004   Code   RO         4595    .ARM.Collect$$$$00002712  mc_w.l(entry2.o)
    0x08000144   0x08000144   0x00000024   Code   RO            4    .text               startup_stm32f103xe.o
    0x08000168   0x08000168   0x00000020   Code   RO         4317    .text               mc_w.l(llushr.o)
    0x08000188   0x08000188   0x00000024   Code   RO         4319    .text               mc_w.l(memseta.o)
    0x080001ac   0x080001ac   0x000000e4   Code   RO         4582    .text               mf_w.l(dmul.o)
    0x08000290   0x08000290   0x0000002e   Code   RO         4584    .text               mf_w.l(dscalb.o)
    0x080002be   0x080002be   0x0000001a   Code   RO         4586    .text               mf_w.l(dfltui.o)
    0x080002d8   0x080002d8   0x00000026   Code   RO         4588    .text               mf_w.l(f2d.o)
    0x080002fe   0x080002fe   0x00000038   Code   RO         4590    .text               mf_w.l(d2f.o)
    0x08000336   0x08000336   0x00000002   PAD
    0x08000338   0x08000338   0x00000014   Code   RO         4592    .text               mf_w.l(cfcmple.o)
    0x0800034c   0x0800034c   0x0000002c   Code   RO         4609    .text               mc_w.l(uidiv.o)
    0x08000378   0x08000378   0x00000062   Code   RO         4611    .text               mc_w.l(uldiv.o)
    0x080003da   0x080003da   0x00000000   Code   RO         4613    .text               mc_w.l(iusefp.o)
    0x080003da   0x080003da   0x0000006e   Code   RO         4614    .text               mf_w.l(fepilogue.o)
    0x08000448   0x08000448   0x000000ba   Code   RO         4616    .text               mf_w.l(depilogue.o)
    0x08000502   0x08000502   0x0000014e   Code   RO         4618    .text               mf_w.l(dadd.o)
    0x08000650   0x08000650   0x000000de   Code   RO         4620    .text               mf_w.l(ddiv.o)
    0x0800072e   0x0800072e   0x00000030   Code   RO         4622    .text               mf_w.l(dfixul.o)
    0x0800075e   0x0800075e   0x00000002   PAD
    0x08000760   0x08000760   0x00000030   Code   RO         4624    .text               mf_w.l(cdrcmple.o)
    0x08000790   0x08000790   0x00000024   Code   RO         4626    .text               mc_w.l(init.o)
    0x080007b4   0x080007b4   0x0000001e   Code   RO         4628    .text               mc_w.l(llshl.o)
    0x080007d2   0x080007d2   0x00000024   Code   RO         4630    .text               mc_w.l(llsshr.o)
    0x080007f6   0x080007f6   0x00000002   PAD
    0x080007f8   0x080007f8   0x0000004c   Code   RO          648    i.ADC_ConversionStop_Disable  stm32f1xx_hal_adc.o
    0x08000844   0x08000844   0x00000070   Code   RO          652    i.ADC_Enable        stm32f1xx_hal_adc.o
    0x080008b4   0x080008b4   0x00000100   Code   RO          520    i.BaordInit         board_test.o
    0x080009b4   0x080009b4   0x00000200   Code   RO          521    i.BoardTest         board_test.o
    0x08000bb4   0x08000bb4   0x00000002   Code   RO          372    i.BusFault_Handler  stm32f1xx_it.o
    0x08000bb6   0x08000bb6   0x00000002   PAD
    0x08000bb8   0x08000bb8   0x00000024   Code   RO         4246    i.Check_Rs485_data  user_uart.o
    0x08000bdc   0x08000bdc   0x0000006c   Code   RO         3712    i.Control_Led       hal_led.o
    0x08000c48   0x08000c48   0x00000018   Code   RO         4009    i.Control_Relay     hal_relay.o
    0x08000c60   0x08000c60   0x00000020   Code   RO         4103    i.DHT11_IO_IN       hal_temp_hum.o
    0x08000c80   0x08000c80   0x0000001c   Code   RO         4104    i.DHT11_IO_OUT      hal_temp_hum.o
    0x08000c9c   0x08000c9c   0x00000002   Code   RO          373    i.DebugMon_Handler  stm32f1xx_it.o
    0x08000c9e   0x08000c9e   0x00000002   PAD
    0x08000ca0   0x08000ca0   0x0000002c   Code   RO         4178    i.Delay_Init        delay.o
    0x08000ccc   0x08000ccc   0x00000028   Code   RO         4179    i.Delay_Ms          delay.o
    0x08000cf4   0x08000cf4   0x00000028   Code   RO         4180    i.Delay_Us          delay.o
    0x08000d1c   0x08000d1c   0x0000001e   Code   RO          374    i.EXTI15_10_IRQHandler  stm32f1xx_it.o
    0x08000d3a   0x08000d3a   0x00000006   Code   RO          375    i.EXTI1_IRQHandler  stm32f1xx_it.o
    0x08000d40   0x08000d40   0x00000006   Code   RO          376    i.EXTI2_IRQHandler  stm32f1xx_it.o
    0x08000d46   0x08000d46   0x00000006   Code   RO          377    i.EXTI4_IRQHandler  stm32f1xx_it.o
    0x08000d4c   0x08000d4c   0x00000002   Code   RO           13    i.Error_Handler     main.o
    0x08000d4e   0x08000d4e   0x00000002   PAD
    0x08000d50   0x08000d50   0x00000050   Code   RO         3510    i.GetDateAndTime    hal_calendar.o
    0x08000da0   0x08000da0   0x00000014   Code   RO         3636    i.Get_InfTube_State_Trigger  hal_infrared_tube.o
    0x08000db4   0x08000db4   0x00000040   Code   RO         3676    i.Get_Key_State     hal_key.o
    0x08000df4   0x08000df4   0x0000004c   Code   RO         3746    i.Get_Light_Str_Adc  hal_light_resistor.o
    0x08000e40   0x08000e40   0x00000014   Code   RO         3977    i.Get_Pyr_State_Trigger  hal_pyr.o
    0x08000e54   0x08000e54   0x000000fc   Code   RO          654    i.HAL_ADC_ConfigChannel  stm32f1xx_hal_adc.o
    0x08000f50   0x08000f50   0x00000004   Code   RO          660    i.HAL_ADC_GetState  stm32f1xx_hal_adc.o
    0x08000f54   0x08000f54   0x00000006   Code   RO          661    i.HAL_ADC_GetValue  stm32f1xx_hal_adc.o
    0x08000f5a   0x08000f5a   0x00000002   PAD
    0x08000f5c   0x08000f5c   0x00000120   Code   RO          663    i.HAL_ADC_Init      stm32f1xx_hal_adc.o
    0x0800107c   0x0800107c   0x00000058   Code   RO          193    i.HAL_ADC_MspInit   adc.o
    0x080010d4   0x080010d4   0x00000130   Code   RO          667    i.HAL_ADC_PollForConversion  stm32f1xx_hal_adc.o
    0x08001204   0x08001204   0x000000c0   Code   RO          669    i.HAL_ADC_Start     stm32f1xx_hal_adc.o
    0x080012c4   0x080012c4   0x00000130   Code   RO         1304    i.HAL_DMA_Abort_IT  stm32f1xx_hal_dma.o
    0x080013f4   0x080013f4   0x0000009c   Code   RO         4216    i.HAL_GPIO_EXTI_Callback  user_pro_eint.o
    0x08001490   0x08001490   0x00000018   Code   RO         1238    i.HAL_GPIO_EXTI_IRQHandler  stm32f1xx_hal_gpio.o
    0x080014a8   0x080014a8   0x000001f8   Code   RO         1239    i.HAL_GPIO_Init     stm32f1xx_hal_gpio.o
    0x080016a0   0x080016a0   0x0000000a   Code   RO         1241    i.HAL_GPIO_ReadPin  stm32f1xx_hal_gpio.o
    0x080016aa   0x080016aa   0x0000000a   Code   RO         1243    i.HAL_GPIO_WritePin  stm32f1xx_hal_gpio.o
    0x080016b4   0x080016b4   0x0000000c   Code   RO          935    i.HAL_GetTick       stm32f1xx_hal.o
    0x080016c0   0x080016c0   0x00000010   Code   RO          941    i.HAL_IncTick       stm32f1xx_hal.o
    0x080016d0   0x080016d0   0x00000024   Code   RO          942    i.HAL_Init          stm32f1xx_hal.o
    0x080016f4   0x080016f4   0x00000040   Code   RO          943    i.HAL_InitTick      stm32f1xx_hal.o
    0x08001734   0x08001734   0x0000003c   Code   RO          496    i.HAL_MspInit       stm32f1xx_hal_msp.o
    0x08001770   0x08001770   0x0000001a   Code   RO         1399    i.HAL_NVIC_EnableIRQ  stm32f1xx_hal_cortex.o
    0x0800178a   0x0800178a   0x00000002   PAD
    0x0800178c   0x0800178c   0x00000040   Code   RO         1405    i.HAL_NVIC_SetPriority  stm32f1xx_hal_cortex.o
    0x080017cc   0x080017cc   0x00000024   Code   RO         1406    i.HAL_NVIC_SetPriorityGrouping  stm32f1xx_hal_cortex.o
    0x080017f0   0x080017f0   0x0000000c   Code   RO         1521    i.HAL_PWR_EnableBkUpAccess  stm32f1xx_hal_pwr.o
    0x080017fc   0x080017fc   0x000000d4   Code   RO         1201    i.HAL_RCCEx_GetPeriphCLKFreq  stm32f1xx_hal_rcc_ex.o
    0x080018d0   0x080018d0   0x000000ec   Code   RO         1202    i.HAL_RCCEx_PeriphCLKConfig  stm32f1xx_hal_rcc_ex.o
    0x080019bc   0x080019bc   0x0000012c   Code   RO         1099    i.HAL_RCC_ClockConfig  stm32f1xx_hal_rcc.o
    0x08001ae8   0x08001ae8   0x00000020   Code   RO         1106    i.HAL_RCC_GetPCLK1Freq  stm32f1xx_hal_rcc.o
    0x08001b08   0x08001b08   0x00000020   Code   RO         1107    i.HAL_RCC_GetPCLK2Freq  stm32f1xx_hal_rcc.o
    0x08001b28   0x08001b28   0x0000006c   Code   RO         1108    i.HAL_RCC_GetSysClockFreq  stm32f1xx_hal_rcc.o
    0x08001b94   0x08001b94   0x00000320   Code   RO         1111    i.HAL_RCC_OscConfig  stm32f1xx_hal_rcc.o
    0x08001eb4   0x08001eb4   0x0000004e   Code   RO         1904    i.HAL_RTC_GetDate   stm32f1xx_hal_rtc.o
    0x08001f02   0x08001f02   0x000000d8   Code   RO         1906    i.HAL_RTC_GetTime   stm32f1xx_hal_rtc.o
    0x08001fda   0x08001fda   0x00000002   PAD
    0x08001fdc   0x08001fdc   0x000000a0   Code   RO         1907    i.HAL_RTC_Init      stm32f1xx_hal_rtc.o
    0x0800207c   0x0800207c   0x00000034   Code   RO          235    i.HAL_RTC_MspInit   rtc.o
    0x080020b0   0x080020b0   0x000000c4   Code   RO         1913    i.HAL_RTC_SetDate   stm32f1xx_hal_rtc.o
    0x08002174   0x08002174   0x000000ac   Code   RO         1914    i.HAL_RTC_SetTime   stm32f1xx_hal_rtc.o
    0x08002220   0x08002220   0x0000003a   Code   RO         1915    i.HAL_RTC_WaitForSynchro  stm32f1xx_hal_rtc.o
    0x0800225a   0x0800225a   0x00000028   Code   RO         1410    i.HAL_SYSTICK_Config  stm32f1xx_hal_cortex.o
    0x08002282   0x08002282   0x00000002   Code   RO         2848    i.HAL_TIMEx_BreakCallback  stm32f1xx_hal_tim_ex.o
    0x08002284   0x08002284   0x00000002   Code   RO         2849    i.HAL_TIMEx_CommutCallback  stm32f1xx_hal_tim_ex.o
    0x08002286   0x08002286   0x00000042   Code   RO         2866    i.HAL_TIMEx_MasterConfigSynchronization  stm32f1xx_hal_tim_ex.o
    0x080022c8   0x080022c8   0x00000036   Code   RO         2173    i.HAL_TIM_Base_Init  stm32f1xx_hal_tim.o
    0x080022fe   0x080022fe   0x00000002   PAD
    0x08002300   0x08002300   0x0000003c   Code   RO          277    i.HAL_TIM_Base_MspInit  tim.o
    0x0800233c   0x0800233c   0x00000022   Code   RO         2178    i.HAL_TIM_Base_Start_IT  stm32f1xx_hal_tim.o
    0x0800235e   0x0800235e   0x0000002a   Code   RO         2181    i.HAL_TIM_Base_Stop_IT  stm32f1xx_hal_tim.o
    0x08002388   0x08002388   0x000000d6   Code   RO         2182    i.HAL_TIM_ConfigClockSource  stm32f1xx_hal_tim.o
    0x0800245e   0x0800245e   0x00000002   Code   RO         2202    i.HAL_TIM_IC_CaptureCallback  stm32f1xx_hal_tim.o
    0x08002460   0x08002460   0x00000166   Code   RO         2216    i.HAL_TIM_IRQHandler  stm32f1xx_hal_tim.o
    0x080025c6   0x080025c6   0x00000002   Code   RO         2219    i.HAL_TIM_OC_DelayElapsedCallback  stm32f1xx_hal_tim.o
    0x080025c8   0x080025c8   0x00000002   Code   RO         2246    i.HAL_TIM_PWM_PulseFinishedCallback  stm32f1xx_hal_tim.o
    0x080025ca   0x080025ca   0x00000002   PAD
    0x080025cc   0x080025cc   0x0000001c   Code   RO         3589    i.HAL_TIM_PeriodElapsedCallback  hal_inf_receiver.o
    0x080025e8   0x080025e8   0x00000002   Code   RO         2259    i.HAL_TIM_TriggerCallback  stm32f1xx_hal_tim.o
    0x080025ea   0x080025ea   0x00000002   Code   RO         3120    i.HAL_UART_ErrorCallback  stm32f1xx_hal_uart.o
    0x080025ec   0x080025ec   0x00000110   Code   RO         3123    i.HAL_UART_IRQHandler  stm32f1xx_hal_uart.o
    0x080026fc   0x080026fc   0x00000062   Code   RO         3124    i.HAL_UART_Init     stm32f1xx_hal_uart.o
    0x0800275e   0x0800275e   0x00000002   PAD
    0x08002760   0x08002760   0x00000134   Code   RO          319    i.HAL_UART_MspInit  usart.o
    0x08002894   0x08002894   0x00000052   Code   RO         3129    i.HAL_UART_Receive_IT  stm32f1xx_hal_uart.o
    0x080028e6   0x080028e6   0x00000002   PAD
    0x080028e8   0x080028e8   0x00000088   Code   RO         4247    i.HAL_UART_RxCpltCallback  user_uart.o
    0x08002970   0x08002970   0x000000ba   Code   RO         3132    i.HAL_UART_Transmit  stm32f1xx_hal_uart.o
    0x08002a2a   0x08002a2a   0x0000003e   Code   RO         3134    i.HAL_UART_Transmit_IT  stm32f1xx_hal_uart.o
    0x08002a68   0x08002a68   0x00000002   Code   RO         3135    i.HAL_UART_TxCpltCallback  stm32f1xx_hal_uart.o
    0x08002a6a   0x08002a6a   0x00000002   Code   RO          378    i.HardFault_Handler  stm32f1xx_it.o
    0x08002a6c   0x08002a6c   0x00000034   Code   RO         3833    i.IIC_Start         hal_oled.o
    0x08002aa0   0x08002aa0   0x0000002c   Code   RO         3834    i.IIC_Stop          hal_oled.o
    0x08002acc   0x08002acc   0x00000020   Code   RO         3835    i.IIC_Wait_Ack      hal_oled.o
    0x08002aec   0x08002aec   0x00000010   Code   RO         3464    i.Init_Buzzer       hal_buzzer.o
    0x08002afc   0x08002afc   0x00000010   Code   RO         3796    i.Init_Motor        hal_motor.o
    0x08002b0c   0x08002b0c   0x00000028   Code   RO         4046    i.Init_My9291       hal_rgb_my9291.o
    0x08002b34   0x08002b34   0x00000010   Code   RO         4010    i.Init_Relay        hal_relay.o
    0x08002b44   0x08002b44   0x00000028   Code   RO         4248    i.Init_Rs485        user_uart.o
    0x08002b6c   0x08002b6c   0x00000050   Code   RO          194    i.MX_ADC1_Init      adc.o
    0x08002bbc   0x08002bbc   0x000001a8   Code   RO          168    i.MX_GPIO_Init      gpio.o
    0x08002d64   0x08002d64   0x00000074   Code   RO          236    i.MX_RTC_Init       rtc.o
    0x08002dd8   0x08002dd8   0x00000068   Code   RO          278    i.MX_TIM3_Init      tim.o
    0x08002e40   0x08002e40   0x00000038   Code   RO          320    i.MX_USART1_UART_Init  usart.o
    0x08002e78   0x08002e78   0x00000038   Code   RO          321    i.MX_USART2_UART_Init  usart.o
    0x08002eb0   0x08002eb0   0x00000038   Code   RO          322    i.MX_USART3_UART_Init  usart.o
    0x08002ee8   0x08002ee8   0x00000002   Code   RO          379    i.MemManage_Handler  stm32f1xx_it.o
    0x08002eea   0x08002eea   0x00000002   PAD
    0x08002eec   0x08002eec   0x000000ec   Code   RO         4047    i.My9291_Send_Duty  hal_rgb_my9291.o
    0x08002fd8   0x08002fd8   0x00000002   Code   RO          380    i.NMI_Handler       stm32f1xx_it.o
    0x08002fda   0x08002fda   0x0000003a   Code   RO         3836    i.OLED_Clear        hal_oled.o
    0x08003014   0x08003014   0x00000040   Code   RO         3839    i.OLED_DrawBMP      hal_oled.o
    0x08003054   0x08003054   0x000000f4   Code   RO         3840    i.OLED_Init         hal_oled.o
    0x08003148   0x08003148   0x0000002a   Code   RO         3842    i.OLED_Set_Pos      hal_oled.o
    0x08003172   0x08003172   0x00000002   PAD
    0x08003174   0x08003174   0x00000088   Code   RO         3844    i.OLED_ShowChar     hal_oled.o
    0x080031fc   0x080031fc   0x00000036   Code   RO         3846    i.OLED_ShowString   hal_oled.o
    0x08003232   0x08003232   0x00000002   PAD
    0x08003234   0x08003234   0x0000001c   Code   RO         3847    i.OLED_Show_Bmp_Test  hal_oled.o
    0x08003250   0x08003250   0x0000000c   Code   RO         3849    i.OLED_WR_Byte      hal_oled.o
    0x0800325c   0x0800325c   0x00000002   Code   RO          381    i.PendSV_Handler    stm32f1xx_it.o
    0x0800325e   0x0800325e   0x00000002   PAD
    0x08003260   0x08003260   0x0000005c   Code   RO         3590    i.Pro_Inf_Receiver_Pin_Eint  hal_inf_receiver.o
    0x080032bc   0x080032bc   0x00000012   Code   RO         1916    i.RTC_Bcd2ToByte    stm32f1xx_hal_rtc.o
    0x080032ce   0x080032ce   0x00000016   Code   RO         1917    i.RTC_ByteToBcd2    stm32f1xx_hal_rtc.o
    0x080032e4   0x080032e4   0x000000ae   Code   RO         1918    i.RTC_DateUpdate    stm32f1xx_hal_rtc.o
    0x08003392   0x08003392   0x00000034   Code   RO         1919    i.RTC_EnterInitMode  stm32f1xx_hal_rtc.o
    0x080033c6   0x080033c6   0x00000002   PAD
    0x080033c8   0x080033c8   0x00000036   Code   RO         1920    i.RTC_ExitInitMode  stm32f1xx_hal_rtc.o
    0x080033fe   0x080033fe   0x0000000e   Code   RO         1921    i.RTC_ReadAlarmCounter  stm32f1xx_hal_rtc.o
    0x0800340c   0x0800340c   0x00000020   Code   RO         1922    i.RTC_ReadTimeCounter  stm32f1xx_hal_rtc.o
    0x0800342c   0x0800342c   0x00000056   Code   RO         1923    i.RTC_WeekDayNum    stm32f1xx_hal_rtc.o
    0x08003482   0x08003482   0x00000028   Code   RO         1924    i.RTC_WriteAlarmCounter  stm32f1xx_hal_rtc.o
    0x080034aa   0x080034aa   0x00000028   Code   RO         1925    i.RTC_WriteTimeCounter  stm32f1xx_hal_rtc.o
    0x080034d2   0x080034d2   0x00000002   PAD
    0x080034d4   0x080034d4   0x00000040   Code   RO         4249    i.Rs485_Send_Data   user_uart.o
    0x08003514   0x08003514   0x00000002   Code   RO          382    i.SVC_Handler       stm32f1xx_it.o
    0x08003516   0x08003516   0x00000002   PAD
    0x08003518   0x08003518   0x00000044   Code   RO         3637    i.Set_InfTube_State  hal_infrared_tube.o
    0x0800355c   0x0800355c   0x0000003c   Code   RO         3677    i.Set_Key_State     hal_key.o
    0x08003598   0x08003598   0x00000018   Code   RO         3797    i.Set_Motor_State   hal_motor.o
    0x080035b0   0x080035b0   0x00000010   Code   RO         3978    i.Set_Pyr_State     hal_pyr.o
    0x080035c0   0x080035c0   0x00000004   Code   RO          383    i.SysTick_Handler   stm32f1xx_it.o
    0x080035c4   0x080035c4   0x0000006e   Code   RO           14    i.SystemClock_Config  main.o
    0x08003632   0x08003632   0x00000002   PAD
    0x08003634   0x08003634   0x00000048   Code   RO         3426    i.SystemInit        system_stm32f1xx.o
    0x0800367c   0x0800367c   0x0000000c   Code   RO          384    i.TIM3_IRQHandler   stm32f1xx_it.o
    0x08003688   0x08003688   0x0000008c   Code   RO         2261    i.TIM_Base_SetConfig  stm32f1xx_hal_tim.o
    0x08003714   0x08003714   0x00000014   Code   RO         2272    i.TIM_ETR_SetConfig  stm32f1xx_hal_tim.o
    0x08003728   0x08003728   0x00000010   Code   RO         2273    i.TIM_ITRx_SetConfig  stm32f1xx_hal_tim.o
    0x08003738   0x08003738   0x00000022   Code   RO         2279    i.TIM_TI1_ConfigInputStage  stm32f1xx_hal_tim.o
    0x0800375a   0x0800375a   0x00000024   Code   RO         2281    i.TIM_TI2_ConfigInputStage  stm32f1xx_hal_tim.o
    0x0800377e   0x0800377e   0x00000002   PAD
    0x08003780   0x08003780   0x0000003c   Code   RO         3465    i.Test_Buzzer       hal_buzzer.o
    0x080037bc   0x080037bc   0x00000160   Code   RO         3591    i.Test_Inf_Receiver  hal_inf_receiver.o
    0x0800391c   0x0800391c   0x00000064   Code   RO         3713    i.Test_Led          hal_led.o
    0x08003980   0x08003980   0x00000040   Code   RO         3750    i.Test_Ligh_Garde_Trigger  hal_light_resistor.o
    0x080039c0   0x080039c0   0x00000034   Code   RO         3798    i.Test_Motor        hal_motor.o
    0x080039f4   0x080039f4   0x00000030   Code   RO         4011    i.Test_Relay        hal_relay.o
    0x08003a24   0x08003a24   0x00000050   Code   RO         4048    i.Test_Rgb          hal_rgb_my9291.o
    0x08003a74   0x08003a74   0x00000010   Code   RO         3137    i.UART_DMAAbortOnError  stm32f1xx_hal_uart.o
    0x08003a84   0x08003a84   0x0000001c   Code   RO         3147    i.UART_EndRxTransfer  stm32f1xx_hal_uart.o
    0x08003aa0   0x08003aa0   0x00000096   Code   RO         3149    i.UART_Receive_IT   stm32f1xx_hal_uart.o
    0x08003b36   0x08003b36   0x00000002   PAD
    0x08003b38   0x08003b38   0x000000b8   Code   RO         3150    i.UART_SetConfig    stm32f1xx_hal_uart.o
    0x08003bf0   0x08003bf0   0x00000062   Code   RO         3151    i.UART_Transmit_IT  stm32f1xx_hal_uart.o
    0x08003c52   0x08003c52   0x00000064   Code   RO         3152    i.UART_WaitOnFlagUntilTimeout  stm32f1xx_hal_uart.o
    0x08003cb6   0x08003cb6   0x00000002   PAD
    0x08003cb8   0x08003cb8   0x0000000c   Code   RO          385    i.USART1_IRQHandler  stm32f1xx_it.o
    0x08003cc4   0x08003cc4   0x0000000c   Code   RO          386    i.USART2_IRQHandler  stm32f1xx_it.o
    0x08003cd0   0x08003cd0   0x0000000c   Code   RO          387    i.USART3_IRQHandler  stm32f1xx_it.o
    0x08003cdc   0x08003cdc   0x00000002   Code   RO          388    i.UsageFault_Handler  stm32f1xx_it.o
    0x08003cde   0x08003cde   0x00000002   PAD
    0x08003ce0   0x08003ce0   0x00000040   Code   RO         3850    i.Write_IIC_Byte    hal_oled.o
    0x08003d20   0x08003d20   0x0000002e   Code   RO         3851    i.Write_IIC_Command  hal_oled.o
    0x08003d4e   0x08003d4e   0x0000002e   Code   RO         3852    i.Write_IIC_Data    hal_oled.o
    0x08003d7c   0x08003d7c   0x00000020   Code   RO         4554    i.__0printf         mc_w.l(printfa.o)
    0x08003d9c   0x08003d9c   0x00000028   Code   RO         4556    i.__0sprintf        mc_w.l(printfa.o)
    0x08003dc4   0x08003dc4   0x00000020   Code   RO         1412    i.__NVIC_SetPriority  stm32f1xx_hal_cortex.o
    0x08003de4   0x08003de4   0x0000000e   Code   RO         4634    i.__scatterload_copy  mc_w.l(handlers.o)
    0x08003df2   0x08003df2   0x00000002   Code   RO         4635    i.__scatterload_null  mc_w.l(handlers.o)
    0x08003df4   0x08003df4   0x0000000e   Code   RO         4636    i.__scatterload_zeroinit  mc_w.l(handlers.o)
    0x08003e02   0x08003e02   0x00000002   PAD
    0x08003e04   0x08003e04   0x00000184   Code   RO         4561    i._fp_digits        mc_w.l(printfa.o)
    0x08003f88   0x08003f88   0x000006dc   Code   RO         4562    i._printf_core      mc_w.l(printfa.o)
    0x08004664   0x08004664   0x00000024   Code   RO         4563    i._printf_post_padding  mc_w.l(printfa.o)
    0x08004688   0x08004688   0x0000002e   Code   RO         4564    i._printf_pre_padding  mc_w.l(printfa.o)
    0x080046b6   0x080046b6   0x0000000a   Code   RO         4566    i._sputc            mc_w.l(printfa.o)
    0x080046c0   0x080046c0   0x0000003c   Code   RO         4251    i.check_uart_data   user_uart.o
    0x080046fc   0x080046fc   0x0000006c   Code   RO         4106    i.dht11ReadByte     hal_temp_hum.o
    0x08004768   0x08004768   0x000000b8   Code   RO         4107    i.dht11ReadData     hal_temp_hum.o
    0x08004820   0x08004820   0x00000018   Code   RO         4153    i.fputc             common.o
    0x08004838   0x08004838   0x00000028   Code   RO         4252    i.init_uart_uart    user_uart.o
    0x08004860   0x08004860   0x0000002e   Code   RO           15    i.main              main.o
    0x0800488e   0x0800488e   0x00000002   PAD
    0x08004890   0x08004890   0x00000034   Code   RO         4049    i.my9291_dcki_pulse  hal_rgb_my9291.o
    0x080048c4   0x080048c4   0x00000034   Code   RO         4050    i.my9291_di_pulse   hal_rgb_my9291.o
    0x080048f8   0x080048f8   0x000000a4   Code   RO         4051    i.my9291_send_command  hal_rgb_my9291.o
    0x0800499c   0x0800499c   0x00000032   Code   RO         4253    i.uartWrite         user_uart.o
    0x080049ce   0x080049ce   0x00000010   Data   RO         3427    .constdata          system_stm32f1xx.o
    0x080049de   0x080049de   0x00000008   Data   RO         3428    .constdata          system_stm32f1xx.o
    0x080049e6   0x080049e6   0x00000fd8   Data   RO         3854    .constdata          hal_oled.o
    0x080059be   0x080059be   0x00000002   PAD
    0x080059c0   0x080059c0   0x00000001   Data   RO         4052    .constdata          hal_rgb_my9291.o
    0x080059c1   0x080059c1   0x00000003   PAD
    0x080059c4   0x080059c4   0x00000020   Data   RO         4632    Region$$Table       anon$$obj.o


    Execution Region RW_IRAM1 (Exec base: 0x20000000, Load base: 0x080059e4, Size: 0x00000720, Max: 0x0000c000, ABSOLUTE)

    Exec Addr    Load Addr    Size         Type   Attr      Idx    E Section Name        Object

    0x20000000   0x080059e4   0x00000004   Data   RW          522    .data               board_test.o
    0x20000004   0x080059e8   0x0000000c   Data   RW          949    .data               stm32f1xx_hal.o
    0x20000010   0x080059f4   0x00000004   Data   RW         3429    .data               system_stm32f1xx.o
    0x20000014   0x080059f8   0x00000002   Data   RW         3466    .data               hal_buzzer.o
    0x20000016   0x080059fa   0x00000002   PAD
    0x20000018   0x080059fc   0x00000004   Data   RW         3593    .data               hal_inf_receiver.o
    0x2000001c   0x08005a00   0x00000002   Data   RW         3638    .data               hal_infrared_tube.o
    0x2000001e   0x08005a02   0x00000003   Data   RW         3678    .data               hal_key.o
    0x20000021   0x08005a05   0x00000001   PAD
    0x20000022   0x08005a06   0x00000002   Data   RW         3714    .data               hal_led.o
    0x20000024   0x08005a08   0x00000004   Data   RW         3751    .data               hal_light_resistor.o
    0x20000028   0x08005a0c   0x00000002   Data   RW         3799    .data               hal_motor.o
    0x2000002a   0x08005a0e   0x00000002   Data   RW         3979    .data               hal_pyr.o
    0x2000002c   0x08005a10   0x00000002   Data   RW         4012    .data               hal_relay.o
    0x2000002e   0x08005a12   0x00000002   PAD
    0x20000030   0x08005a14   0x00000008   Data   RW         4053    .data               hal_rgb_my9291.o
    0x20000038   0x08005a1c   0x00000004   Data   RW         4181    .data               delay.o
    0x2000003c   0x08005a20   0x0000000a   Data   RW         4255    .data               user_uart.o
    0x20000046   0x08005a2a   0x00000002   PAD
    0x20000048   0x08005a2c   0x00000004   Data   RW         4608    .data               mc_w.l(stdout.o)
    0x2000004c        -       0x00000030   Zero   RW          195    .bss                adc.o
    0x2000007c        -       0x00000014   Zero   RW          237    .bss                rtc.o
    0x20000090        -       0x00000040   Zero   RW          279    .bss                tim.o
    0x200000d0        -       0x000000c0   Zero   RW          323    .bss                usart.o
    0x20000190        -       0x00000060   Zero   RW         3592    .bss                hal_inf_receiver.o
    0x200001f0        -       0x0000012c   Zero   RW         4254    .bss                user_uart.o
    0x2000031c   0x08005a30   0x00000004   PAD
    0x20000320        -       0x00000400   Zero   RW            1    STACK               startup_stm32f103xe.o


==============================================================================

Image component sizes


      Code (inc. data)   RO Data    RW Data    ZI Data      Debug   Object Name

       168         20          0          0         48       1533   adc.o
       768        234          0          4          0       3288   board_test.o
        24          4          0          0          0        448   common.o
       124         14          0          4          0       1583   delay.o
       424         34          0          0          0       1023   gpio.o
        76         16          0          2          0       2108   hal_buzzer.o
        80          6          0          0          0       1296   hal_calendar.o
       472        174          0          4         96       2823   hal_inf_receiver.o
        88         52          0          2          0       1200   hal_infrared_tube.o
       124         44          0          3          0       1524   hal_key.o
       208         12          0          2          0       1161   hal_led.o
       140         16          0          4          0       1592   hal_light_resistor.o
        92         16          0          2          0       1644   hal_motor.o
       922         34       4056          0          0       8366   hal_oled.o
        36          8          0          2          0       1128   hal_pyr.o
        88         14          0          2          0       1634   hal_relay.o
       624         38          1          8          0       4284   hal_rgb_my9291.o
       352         24          0          0          0       2847   hal_temp_hum.o
       158          0          0          0          0     502708   main.o
       168         20          0          0         20       1471   rtc.o
        36          8        304          0       1024        784   startup_stm32f103xe.o
       128         24          0         12          0       5773   stm32f1xx_hal.o
      1234         58          0          0          0       6963   stm32f1xx_hal_adc.o
       198         14          0          0          0      28839   stm32f1xx_hal_cortex.o
       304          8          0          0          0       1131   stm32f1xx_hal_dma.o
       548         48          0          0          0       4038   stm32f1xx_hal_gpio.o
        60          8          0          0          0        810   stm32f1xx_hal_msp.o
        12          4          0          0          0        495   stm32f1xx_hal_pwr.o
      1272        100          0          0          0       5092   stm32f1xx_hal_rcc.o
       448         44          0          0          0       2513   stm32f1xx_hal_rcc_ex.o
      1412         14          0          0          0      12412   stm32f1xx_hal_rtc.o
       956         20          0          0          0       9900   stm32f1xx_hal_tim.o
        70          0          0          0          0       2285   stm32f1xx_hal_tim_ex.o
      1280         12          0          0          0       9814   stm32f1xx_hal_uart.o
       116         24          0          0          0       6952   stm32f1xx_it.o
        72         16         24          4          0       1103   system_stm32f1xx.o
       164         20          0          0         64       1550   tim.o
       476         50          0          0        192       2876   usart.o
       156         18          0          0          0        821   user_pro_eint.o
       426         80          0         10        300       4866   user_uart.o

    ----------------------------------------------------------------------
     14550       1350       4422         72       1748     652678   Object Totals
         0          0         32          0          0          0   (incl. Generated)
        46          0          5          7          4          0   (incl. Padding)

    ----------------------------------------------------------------------

      Code (inc. data)   RO Data    RW Data    ZI Data      Debug   Library Member Name

         0          0          0          0          0          0   entry.o
         0          0          0          0          0          0   entry10a.o
         0          0          0          0          0          0   entry11a.o
         8          4          0          0          0          0   entry2.o
         4          0          0          0          0          0   entry5.o
         0          0          0          0          0          0   entry7b.o
         0          0          0          0          0          0   entry8b.o
         8          4          0          0          0          0   entry9a.o
        30          0          0          0          0          0   handlers.o
        36          8          0          0          0         68   init.o
         0          0          0          0          0          0   iusefp.o
        30          0          0          0          0         68   llshl.o
        36          0          0          0          0         68   llsshr.o
        32          0          0          0          0         68   llushr.o
        36          0          0          0          0        108   memseta.o
      2308         96          0          0          0        604   printfa.o
         0          0          0          4          0          0   stdout.o
        44          0          0          0          0         80   uidiv.o
        98          0          0          0          0         92   uldiv.o
        48          0          0          0          0         68   cdrcmple.o
        20          0          0          0          0         68   cfcmple.o
        56          0          0          0          0         88   d2f.o
       334          0          0          0          0        148   dadd.o
       222          0          0          0          0        100   ddiv.o
       186          0          0          0          0        176   depilogue.o
        48          0          0          0          0         68   dfixul.o
        26          0          0          0          0         76   dfltui.o
       228          0          0          0          0         96   dmul.o
        46          0          0          0          0         80   dscalb.o
        38          0          0          0          0         68   f2d.o
       110          0          0          0          0        168   fepilogue.o

    ----------------------------------------------------------------------
      4040        112          0          4          0       2360   Library Totals
         8          0          0          0          0          0   (incl. Padding)

    ----------------------------------------------------------------------

      Code (inc. data)   RO Data    RW Data    ZI Data      Debug   Library Name

      2670        112          0          4          0       1156   mc_w.l
      1362          0          0          0          0       1204   mf_w.l

    ----------------------------------------------------------------------
      4040        112          0          4          0       2360   Library Totals

    ----------------------------------------------------------------------

==============================================================================


      Code (inc. data)   RO Data    RW Data    ZI Data      Debug   

     18590       1462       4422         76       1748     645362   Grand Totals
     18590       1462       4422         76       1748     645362   ELF Image Totals
     18590       1462       4422         76          0          0   ROM Totals

==============================================================================

    Total RO  Size (Code + RO Data)                23012 (  22.47kB)
    Total RW  Size (RW Data + ZI Data)              1824 (   1.78kB)
    Total ROM Size (Code + RO Data + RW Data)      23088 (  22.55kB)

==============================================================================

